Archive member included to satisfy reference by file (symbol)

C:\Users\v6_20\AppData\Local\arduino\cores\e01feb5e57f163580f9589b263a41343\core.a(HardwareSerial.cpp.o)
                              (--whole-archive)
C:\Users\v6_20\AppData\Local\arduino\cores\e01feb5e57f163580f9589b263a41343\core.a(HardwareTimer.cpp.o)
                              (--whole-archive)
C:\Users\v6_20\AppData\Local\arduino\cores\e01feb5e57f163580f9589b263a41343\core.a(IPAddress.cpp.o)
                              (--whole-archive)
C:\Users\v6_20\AppData\Local\arduino\cores\e01feb5e57f163580f9589b263a41343\core.a(Print.cpp.o)
                              (--whole-archive)
C:\Users\v6_20\AppData\Local\arduino\cores\e01feb5e57f163580f9589b263a41343\core.a(Stream.cpp.o)
                              (--whole-archive)
C:\Users\v6_20\AppData\Local\arduino\cores\e01feb5e57f163580f9589b263a41343\core.a(Tone.cpp.o)
                              (--whole-archive)
C:\Users\v6_20\AppData\Local\arduino\cores\e01feb5e57f163580f9589b263a41343\core.a(WInterrupts.cpp.o)
                              (--whole-archive)
C:\Users\v6_20\AppData\Local\arduino\cores\e01feb5e57f163580f9589b263a41343\core.a(WMath.cpp.o)
                              (--whole-archive)
C:\Users\v6_20\AppData\Local\arduino\cores\e01feb5e57f163580f9589b263a41343\core.a(WString.cpp.o)
                              (--whole-archive)
C:\Users\v6_20\AppData\Local\arduino\cores\e01feb5e57f163580f9589b263a41343\core.a(abi.cpp.o)
                              (--whole-archive)
C:\Users\v6_20\AppData\Local\arduino\cores\e01feb5e57f163580f9589b263a41343\core.a(dtostrf.c.o)
                              (--whole-archive)
C:\Users\v6_20\AppData\Local\arduino\cores\e01feb5e57f163580f9589b263a41343\core.a(board.c.o)
                              (--whole-archive)
C:\Users\v6_20\AppData\Local\arduino\cores\e01feb5e57f163580f9589b263a41343\core.a(PortNames.c.o)
                              (--whole-archive)
C:\Users\v6_20\AppData\Local\arduino\cores\e01feb5e57f163580f9589b263a41343\core.a(analog.cpp.o)
                              (--whole-archive)
C:\Users\v6_20\AppData\Local\arduino\cores\e01feb5e57f163580f9589b263a41343\core.a(ch32_def.c.o)
                              (--whole-archive)
C:\Users\v6_20\AppData\Local\arduino\cores\e01feb5e57f163580f9589b263a41343\core.a(clock.c.o)
                              (--whole-archive)
C:\Users\v6_20\AppData\Local\arduino\cores\e01feb5e57f163580f9589b263a41343\core.a(hw_config.c.o)
                              (--whole-archive)
C:\Users\v6_20\AppData\Local\arduino\cores\e01feb5e57f163580f9589b263a41343\core.a(interrupt.cpp.o)
                              (--whole-archive)
C:\Users\v6_20\AppData\Local\arduino\cores\e01feb5e57f163580f9589b263a41343\core.a(ch32yyxx_adc.c.o)
                              (--whole-archive)
C:\Users\v6_20\AppData\Local\arduino\cores\e01feb5e57f163580f9589b263a41343\core.a(ch32yyxx_bkp.c.o)
                              (--whole-archive)
C:\Users\v6_20\AppData\Local\arduino\cores\e01feb5e57f163580f9589b263a41343\core.a(ch32yyxx_can.c.o)
                              (--whole-archive)
C:\Users\v6_20\AppData\Local\arduino\cores\e01feb5e57f163580f9589b263a41343\core.a(ch32yyxx_crc.c.o)
                              (--whole-archive)
C:\Users\v6_20\AppData\Local\arduino\cores\e01feb5e57f163580f9589b263a41343\core.a(ch32yyxx_dac.c.o)
                              (--whole-archive)
C:\Users\v6_20\AppData\Local\arduino\cores\e01feb5e57f163580f9589b263a41343\core.a(ch32yyxx_dbgmcu.c.o)
                              (--whole-archive)
C:\Users\v6_20\AppData\Local\arduino\cores\e01feb5e57f163580f9589b263a41343\core.a(ch32yyxx_debug.c.o)
                              (--whole-archive)
C:\Users\v6_20\AppData\Local\arduino\cores\e01feb5e57f163580f9589b263a41343\core.a(ch32yyxx_dma.c.o)
                              (--whole-archive)
C:\Users\v6_20\AppData\Local\arduino\cores\e01feb5e57f163580f9589b263a41343\core.a(ch32yyxx_dvp.c.o)
                              (--whole-archive)
C:\Users\v6_20\AppData\Local\arduino\cores\e01feb5e57f163580f9589b263a41343\core.a(ch32yyxx_eth.c.o)
                              (--whole-archive)
C:\Users\v6_20\AppData\Local\arduino\cores\e01feb5e57f163580f9589b263a41343\core.a(ch32yyxx_exti.c.o)
                              (--whole-archive)
C:\Users\v6_20\AppData\Local\arduino\cores\e01feb5e57f163580f9589b263a41343\core.a(ch32yyxx_flash.c.o)
                              (--whole-archive)
C:\Users\v6_20\AppData\Local\arduino\cores\e01feb5e57f163580f9589b263a41343\core.a(ch32yyxx_fsmc.c.o)
                              (--whole-archive)
C:\Users\v6_20\AppData\Local\arduino\cores\e01feb5e57f163580f9589b263a41343\core.a(ch32yyxx_gpio.c.o)
                              (--whole-archive)
C:\Users\v6_20\AppData\Local\arduino\cores\e01feb5e57f163580f9589b263a41343\core.a(ch32yyxx_i2c.c.o)
[...]
Memory Configuration

Name             Origin             Length             Attributes
FLASH            0x0000000000000000 0x0000000000004000 xr
RAM              0x0000000020000000 0x0000000000000800 xrw
*default*        0x0000000000000000 0xffffffffffffffff

Linker script and memory map

                0x0000000000004000                __FLASH_SIZE = 0x4000
                0x0000000000000800                __RAM_SIZE = 0x800
START GROUP
LOAD C:\Users\v6_20\AppData\Local\arduino\sketches\7BDB694DF84888995F8393485F5CFA4B\sketch\UIAPduino_Simple_Oscilloscope.ino.cpp.o
LOAD C:\Users\v6_20\AppData\Local\arduino\sketches\7BDB694DF84888995F8393485F5CFA4B\libraries\Wire\Wire.cpp.o
LOAD C:\Users\v6_20\AppData\Local\arduino\sketches\7BDB694DF84888995F8393485F5CFA4B\libraries\Wire\utility\twi.c.o
LOAD C:\Users\v6_20\AppData\Local\arduino\sketches\7BDB694DF84888995F8393485F5CFA4B\core\PeripheralPins.c.o
LOAD C:\Users\v6_20\AppData\Local\arduino\sketches\7BDB694DF84888995F8393485F5CFA4B\core\variant_CH32V003F4.cpp.o
LOAD c:/users/v6_20/appdata/local/arduino15/packages/uiap/tools/riscv-none-embed-gcc/8.2.0/bin/../lib/gcc/riscv-none-embed/8.2.0/../../../../riscv-none-embed/lib/rv32ecxw/ilp32e\libprintf.a
LOAD C:\Users\v6_20\AppData\Local\arduino\cores\e01feb5e57f163580f9589b263a41343\core.a
END GROUP
LOAD c:/users/v6_20/appdata/local/arduino15/packages/uiap/tools/riscv-none-embed-gcc/8.2.0/bin/../lib/gcc/riscv-none-embed/8.2.0/../../../../riscv-none-embed/lib/rv32ecxw/ilp32e\libstdc++_nano.a
LOAD c:/users/v6_20/appdata/local/arduino15/packages/uiap/tools/riscv-none-embed-gcc/8.2.0/bin/../lib/gcc/riscv-none-embed/8.2.0/../../../../riscv-none-embed/lib/rv32ecxw/ilp32e\libm.a
LOAD c:/users/v6_20/appdata/local/arduino15/packages/uiap/tools/riscv-none-embed-gcc/8.2.0/bin/../lib/gcc/riscv-none-embed/8.2.0/../../../../riscv-none-embed/lib/rv32ecxw/ilp32e\libc_nano.a
LOAD c:/users/v6_20/appdata/local/arduino15/packages/uiap/tools/riscv-none-embed-gcc/8.2.0/bin/../lib/gcc/riscv-none-embed/8.2.0/rv32ecxw/ilp32e\libgcc.a
LOAD c:/users/v6_20/appdata/local/arduino15/packages/uiap/tools/riscv-none-embed-gcc/8.2.0/bin/../lib/gcc/riscv-none-embed/8.2.0/../../../../riscv-none-embed/lib/rv32ecxw/ilp32e\libc_nano.a
LOAD c:/users/v6_20/appdata/local/arduino15/packages/uiap/tools/riscv-none-embed-gcc/8.2.0/bin/../lib/gcc/riscv-none-embed/8.2.0/rv32ecxw/ilp32e\libgcc.a
START GROUP
LOAD c:/users/v6_20/appdata/local/arduino15/packages/uiap/tools/riscv-none-embed-gcc/8.2.0/bin/../lib/gcc/riscv-none-embed/8.2.0/rv32ecxw/ilp32e\libgcc.a
LOAD c:/users/v6_20/appdata/local/arduino15/packages/uiap/tools/riscv-none-embed-gcc/8.2.0/bin/../lib/gcc/riscv-none-embed/8.2.0/../../../../riscv-none-embed/lib/rv32ecxw/ilp32e\libc_nano.a
LOAD c:/users/v6_20/appdata/local/arduino15/packages/uiap/tools/riscv-none-embed-gcc/8.2.0/bin/../lib/gcc/riscv-none-embed/8.2.0/../../../../riscv-none-embed/lib/rv32ecxw/ilp32e\libnosys.a
END GROUP
START GROUP
LOAD c:/users/v6_20/appdata/local/arduino15/packages/uiap/tools/riscv-none-embed-gcc/8.2.0/bin/../lib/gcc/riscv-none-embed/8.2.0/rv32ecxw/ilp32e\libgcc.a
LOAD c:/users/v6_20/appdata/local/arduino15/packages/uiap/tools/riscv-none-embed-gcc/8.2.0/bin/../lib/gcc/riscv-none-embed/8.2.0/../../../../riscv-none-embed/lib/rv32ecxw/ilp32e\libc_nano.a
LOAD c:/users/v6_20/appdata/local/arduino15/packages/uiap/tools/riscv-none-embed-gcc/8.2.0/bin/../lib/gcc/riscv-none-embed/8.2.0/../../../../riscv-none-embed/lib/rv32ecxw/ilp32e\libnosys.a
END GROUP
                0x00000000000001c0                __stack_size = 0x1c0
                [!provide]                        PROVIDE (_stack_size = __stack_size)

.init           0x0000000000000000       0xa0
                0x0000000000000000                _sinit = .
                0x0000000000000000                . = ALIGN (0x4)
 *(SORT_NONE(.init))
 .init          0x0000000000000000       0x9e C:\Users\v6_20\AppData\Local\arduino\cores\e01feb5e57f163580f9589b263a41343\core.a(startup_ch32yyxx.S.o)
                0x0000000000000000                _start
                0x00000000000000a0                . = ALIGN (0x4)
 *fill*         0x000000000000009e        0x2 
                0x00000000000000a0                _einit = .

.text           0x00000000000000a0     0x3dc0
                0x00000000000000a0                . = ALIGN (0x4)
 *(.text)
 .text          0x00000000000000a0       0xa8 c:/users/v6_20/appdata/local/arduino15/packages/uiap/tools/riscv-none-embed-gcc/8.2.0/bin/../lib/gcc/riscv-none-embed/8.2.0/../../../../riscv-none-embed/lib/rv32ecxw/ilp32e\libc_nano.a(lib_a-memset.o)
                0x00000000000000a0                memset
 .text          0x0000000000000148       0x14 c:/users/v6_20/appdata/local/arduino15/packages/uiap/tools/riscv-none-embed-gcc/8.2.0/bin/../lib/gcc/riscv-none-embed/8.2.0/rv32ecxw/ilp32e\libgcc.a(save-restore.o)
                0x0000000000000148                __riscv_save_1
                0x0000000000000148                __riscv_save_2
                0x0000000000000148                __riscv_save_0
                0x0000000000000152                __riscv_restore_0
                0x0000000000000152                __riscv_restore_1
                0x0000000000000152                __riscv_restore_2
 .text          0x000000000000015c       0x16 c:/users/v6_20/appdata/local/arduino15/packages/uiap/tools/riscv-none-embed-gcc/8.2.0/bin/../lib/gcc/riscv-none-embed/8.2.0/rv32ecxw/ilp32e\libgcc.a(muldi3.o)
                0x000000000000015c                __mulsi3
 *fill*         0x0000000000000172        0x2 
 .text          0x0000000000000174       0x7e c:/users/v6_20/appdata/local/arduino15/packages/uiap/tools/riscv-none-embed-gcc/8.2.0/bin/../lib/gcc/riscv-none-embed/8.2.0/rv32ecxw/ilp32e\libgcc.a(div.o)
                0x0000000000000174                __divsi3
                0x000000000000017c                __udivsi3
                0x00000000000001a8                __umodsi3
                0x00000000000001cc                __modsi3
 *(.text.*)
 .text._ZN7TwoWire5writeEi
                0x00000000000001f2       0x10 C:\Users\v6_20\AppData\Local\arduino\sketches\7BDB694DF84888995F8393485F5CFA4B\sketch\UIAPduino_Simple_Oscilloscope.ino.cpp.o
                0x00000000000001f2                TwoWire::write(int)
 .text.setup    0x0000000000000202       0x96 C:\Users\v6_20\AppData\Local\arduino\sketches\7BDB694DF84888995F8393485F5CFA4B\sketch\UIAPduino_Simple_Oscilloscope.ino.cpp.o
                0x0000000000000202                setup
 .text.loop     0x0000000000000298      0x7d6 C:\Users\v6_20\AppData\Local\arduino\sketches\7BDB694DF84888995F8393485F5CFA4B\sketch\UIAPduino_Simple_Oscilloscope.ino.cpp.o
                0x0000000000000298                loop
 .text._ZN5Print17availableForWriteEv
                0x0000000000000a6e        0x4 C:\Users\v6_20\AppData\Local\arduino\sketches\7BDB694DF84888995F8393485F5CFA4B\libraries\Wire\Wire.cpp.o
                0x0000000000000a6e                Print::availableForWrite()
 .text._ZN7TwoWire9availableEv
                0x0000000000000a72        0xa C:\Users\v6_20\AppData\Local\arduino\sketches\7BDB694DF84888995F8393485F5CFA4B\libraries\Wire\Wire.cpp.o
                0x0000000000000a72                TwoWire::available()
 .text._ZN7TwoWire4readEv
                0x0000000000000a7c       0x1a C:\Users\v6_20\AppData\Local\arduino\sketches\7BDB694DF84888995F8393485F5CFA4B\libraries\Wire\Wire.cpp.o
                0x0000000000000a7c                TwoWire::read()
 .text._ZN7TwoWire4peekEv
                0x0000000000000a96       0x14 C:\Users\v6_20\AppData\Local\arduino\sketches\7BDB694DF84888995F8393485F5CFA4B\libraries\Wire\Wire.cpp.o
                0x0000000000000a96                TwoWire::peek()
 .text._ZN7TwoWire16onRequestServiceEP5i2c_s
                0x0000000000000aaa       0x20 C:\Users\v6_20\AppData\Local\arduino\sketches\7BDB694DF84888995F8393485F5CFA4B\libraries\Wire\Wire.cpp.o
                0x0000000000000aaa                TwoWire::onRequestService(i2c_s*)
 .text._ZN7TwoWire5writeEh
                0x0000000000000aca       0x6e C:\Users\v6_20\AppData\Local\arduino\sketches\7BDB694DF84888995F8393485F5CFA4B\libraries\Wire\Wire.cpp.o
                0x0000000000000aca                TwoWire::write(unsigned char)
 .text._ZN7TwoWire5writeEPKhj
                0x0000000000000b38       0x82 C:\Users\v6_20\AppData\Local\arduino\sketches\7BDB694DF84888995F8393485F5CFA4B\libraries\Wire\Wire.cpp.o
                0x0000000000000b38                TwoWire::write(unsigned char const*, unsigned int)
 .text._ZNSt14_Function_baseD2Ev
                0x0000000000000bba       0x14 C:\Users\v6_20\AppData\Local\arduino\sketches\7BDB694DF84888995F8393485F5CFA4B\libraries\Wire\Wire.cpp.o
                0x0000000000000bba                std::_Function_base::~_Function_base()
                0x0000000000000bba                std::_Function_base::~_Function_base()
 .text._ZN7TwoWireC2Ev
                0x0000000000000bce       0x2a C:\Users\v6_20\AppData\Local\arduino\sketches\7BDB694DF84888995F8393485F5CFA4B\libraries\Wire\Wire.cpp.o
                0x0000000000000bce                TwoWire::TwoWire()
                0x0000000000000bce                TwoWire::TwoWire()
 .text._ZN7TwoWire8setClockEm
                0x0000000000000bf8        0xe C:\Users\v6_20\AppData\Local\arduino\sketches\7BDB694DF84888995F8393485F5CFA4B\libraries\Wire\Wire.cpp.o
                0x0000000000000bf8                TwoWire::setClock(unsigned long)
 .text._ZN7TwoWire17beginTransmissionEi
                0x0000000000000c06       0x10 C:\Users\v6_20\AppData\Local\arduino\sketches\7BDB694DF84888995F8393485F5CFA4B\libraries\Wire\Wire.cpp.o
                0x0000000000000c06                TwoWire::beginTransmission(int)
 .text._ZN7TwoWire16allocateRxBufferEj
                0x0000000000000c16       0x30 C:\Users\v6_20\AppData\Local\arduino\sketches\7BDB694DF84888995F8393485F5CFA4B\libraries\Wire\Wire.cpp.o
                0x0000000000000c16                TwoWire::allocateRxBuffer(unsigned int)
 .text._ZN7TwoWire16onReceiveServiceEP5i2c_s
                0x0000000000000c46       0x52 C:\Users\v6_20\AppData\Local\arduino\sketches\7BDB694DF84888995F8393485F5CFA4B\libraries\Wire\Wire.cpp.o
                0x0000000000000c46                TwoWire::onReceiveService(i2c_s*)
 .text._ZN7TwoWire13resetTxBufferEv
                0x0000000000000c98       0x18 C:\Users\v6_20\AppData\Local\arduino\sketches\7BDB694DF84888995F8393485F5CFA4B\libraries\Wire\Wire.cpp.o
                0x0000000000000c98                TwoWire::resetTxBuffer()
 .text._ZN7TwoWire15endTransmissionEh
                0x0000000000000cb0       0x46 C:\Users\v6_20\AppData\Local\arduino\sketches\7BDB694DF84888995F8393485F5CFA4B\libraries\Wire\Wire.cpp.o
                0x0000000000000cb0                TwoWire::endTransmission(unsigned char)
 .text._ZN7TwoWire15endTransmissionEv
                0x0000000000000cf6        0xc C:\Users\v6_20\AppData\Local\arduino\sketches\7BDB694DF84888995F8393485F5CFA4B\libraries\Wire\Wire.cpp.o
                0x0000000000000cf6                TwoWire::endTransmission()
 .text._ZN7TwoWire5flushEv
                0x0000000000000d02       0x26 C:\Users\v6_20\AppData\Local\arduino\sketches\7BDB694DF84888995F8393485F5CFA4B\libraries\Wire\Wire.cpp.o
                0x0000000000000d02                TwoWire::flush()
 .text._ZN7TwoWire10recoverBusEv
                0x0000000000000d28      0x280 C:\Users\v6_20\AppData\Local\arduino\sketches\7BDB694DF84888995F8393485F5CFA4B\libraries\Wire\Wire.cpp.o
                0x0000000000000d28                TwoWire::recoverBus()
 .text._ZN7TwoWire5beginEhbb
                0x0000000000000fa8       0x76 C:\Users\v6_20\AppData\Local\arduino\sketches\7BDB694DF84888995F8393485F5CFA4B\libraries\Wire\Wire.cpp.o
                0x0000000000000fa8                TwoWire::begin(unsigned char, bool, bool)
 .text._ZN7TwoWire5beginEb
                0x000000000000101e       0x10 C:\Users\v6_20\AppData\Local\arduino\sketches\7BDB694DF84888995F8393485F5CFA4B\libraries\Wire\Wire.cpp.o
                0x000000000000101e                TwoWire::begin(bool)
 .text.startup._GLOBAL__sub_I__ZN7TwoWireC2Ev
                0x000000000000102e        0xe C:\Users\v6_20\AppData\Local\arduino\sketches\7BDB694DF84888995F8393485F5CFA4B\libraries\Wire\Wire.cpp.o
 .text.exit._GLOBAL__sub_D__ZN7TwoWireC2Ev
                0x000000000000103c       0x20 C:\Users\v6_20\AppData\Local\arduino\sketches\7BDB694DF84888995F8393485F5CFA4B\libraries\Wire\Wire.cpp.o
 .text.i2c_custom_init
                0x000000000000105c      0x144 C:\Users\v6_20\AppData\Local\arduino\sketches\7BDB694DF84888995F8393485F5CFA4B\libraries\Wire\utility\twi.c.o
                0x000000000000105c                i2c_custom_init
 .text.i2c_setTiming
                0x00000000000011a0       0x7a C:\Users\v6_20\AppData\Local\arduino\sketches\7BDB694DF84888995F8393485F5CFA4B\libraries\Wire\utility\twi.c.o
                0x00000000000011a0                i2c_setTiming
 .text.i2c_master_write
                0x000000000000121a      0x116 C:\Users\v6_20\AppData\Local\arduino\sketches\7BDB694DF84888995F8393485F5CFA4B\libraries\Wire\utility\twi.c.o
                0x000000000000121a                i2c_master_write
 .text.i2c_ClearErrorFlags
                0x0000000000001330       0x3e C:\Users\v6_20\AppData\Local\arduino\sketches\7BDB694DF84888995F8393485F5CFA4B\libraries\Wire\utility\twi.c.o
                0x0000000000001330                i2c_ClearErrorFlags
 .text.i2c_ClearStopFlag
                0x000000000000136e       0x20 C:\Users\v6_20\AppData\Local\arduino\sketches\7BDB694DF84888995F8393485F5CFA4B\libraries\Wire\utility\twi.c.o
                0x000000000000136e                i2c_ClearStopFlag
 .text.i2c_slave_process
                0x000000000000138e       0x9a C:\Users\v6_20\AppData\Local\arduino\sketches\7BDB694DF84888995F8393485F5CFA4B\libraries\Wire\utility\twi.c.o
                0x000000000000138e                i2c_slave_process
 .text.i2c_slave_write
                0x0000000000001428       0x70 C:\Users\v6_20\AppData\Local\arduino\sketches\7BDB694DF84888995F8393485F5CFA4B\libraries\Wire\utility\twi.c.o
                0x0000000000001428                i2c_slave_write
 .text.i2c_attachSlaveRxEvent
                0x0000000000001498        0x4 C:\Users\v6_20\AppData\Local\arduino\sketches\7BDB694DF84888995F8393485F5CFA4B\libraries\Wire\utility\twi.c.o
                0x0000000000001498                i2c_attachSlaveRxEvent
 .text.i2c_attachSlaveTxEvent
                0x000000000000149c        0x4 C:\Users\v6_20\AppData\Local\arduino\sketches\7BDB694DF84888995F8393485F5CFA4B\libraries\Wire\utility\twi.c.o
                0x000000000000149c                i2c_attachSlaveTxEvent
 .text.I2C1_EV_IRQHandler
                0x00000000000014a0       0x16 C:\Users\v6_20\AppData\Local\arduino\sketches\7BDB694DF84888995F8393485F5CFA4B\libraries\Wire\utility\twi.c.o
                0x00000000000014a0                I2C1_EV_IRQHandler
 .text.I2C1_ER_IRQHandler
                0x00000000000014b6        0xe C:\Users\v6_20\AppData\Local\arduino\sketches\7BDB694DF84888995F8393485F5CFA4B\libraries\Wire\utility\twi.c.o
                0x00000000000014b6                I2C1_ER_IRQHandler
 .text._ZN5Print5flushEv
                0x00000000000014c4        0x2 C:\Users\v6_20\AppData\Local\arduino\cores\e01feb5e57f163580f9589b263a41343\core.a(HardwareSerial.cpp.o)
                0x00000000000014c4                Print::flush()
 .text._ZN14HardwareSerial9availableEv
                0x00000000000014c6        0x4 C:\Users\v6_20\AppData\Local\arduino\cores\e01feb5e57f163580f9589b263a41343\core.a(HardwareSerial.cpp.o)
                0x00000000000014c6                HardwareSerial::available()
                0x00000000000014c6                HardwareSerial::peek()
 .text._ZN14HardwareSerial5writeEh
                0x00000000000014ca       0x1a C:\Users\v6_20\AppData\Local\arduino\cores\e01feb5e57f163580f9589b263a41343\core.a(HardwareSerial.cpp.o)
                0x00000000000014ca                HardwareSerial::write(unsigned char)
 .text._ZN14HardwareSerial4readEv
                0x00000000000014e4       0x1e C:\Users\v6_20\AppData\Local\arduino\cores\e01feb5e57f163580f9589b263a41343\core.a(HardwareSerial.cpp.o)
                0x00000000000014e4                HardwareSerial::read()
 .text._ZN14HardwareSerial5writeEPKhj
                0x0000000000001502       0x10 C:\Users\v6_20\AppData\Local\arduino\cores\e01feb5e57f163580f9589b263a41343\core.a(HardwareSerial.cpp.o)
                0x0000000000001502                HardwareSerial::write(unsigned char const*, unsigned int)
 .text._ZN14HardwareSerial5setRxEm
                0x0000000000001512       0x58 C:\Users\v6_20\AppData\Local\arduino\cores\e01feb5e57f163580f9589b263a41343\core.a(HardwareSerial.cpp.o)
                0x0000000000001512                HardwareSerial::setRx(unsigned long)
 .text._ZN14HardwareSerial5setTxEm
                0x000000000000156a       0x58 C:\Users\v6_20\AppData\Local\arduino\cores\e01feb5e57f163580f9589b263a41343\core.a(HardwareSerial.cpp.o)
                0x000000000000156a                HardwareSerial::setTx(unsigned long)
 .text._ZN14HardwareSerialC2EPv
                0x00000000000015c2       0x3e C:\Users\v6_20\AppData\Local\arduino\cores\e01feb5e57f163580f9589b263a41343\core.a(HardwareSerial.cpp.o)
                0x00000000000015c2                HardwareSerial::HardwareSerial(void*)
                0x00000000000015c2                HardwareSerial::HardwareSerial(void*)
 .text.startup._GLOBAL__sub_I__ZN14HardwareSerialC2EPv
                0x0000000000001600       0x16 C:\Users\v6_20\AppData\Local\arduino\cores\e01feb5e57f163580f9589b263a41343\core.a(HardwareSerial.cpp.o)
 .text._ZNSt8functionIFvvEEaSEDn.isra.3
                0x0000000000001616       0x1e C:\Users\v6_20\AppData\Local\arduino\cores\e01feb5e57f163580f9589b263a41343\core.a(HardwareTimer.cpp.o)
 .text._Z15get_timer_indexP11TIM_TypeDef
                0x0000000000001634       0x22 C:\Users\v6_20\AppData\Local\arduino\cores\e01feb5e57f163580f9589b263a41343\core.a(HardwareTimer.cpp.o)
                0x0000000000001634                get_timer_index(TIM_TypeDef*)
 .text._ZN13HardwareTimerD2Ev
                0x0000000000001656       0x3e C:\Users\v6_20\AppData\Local\arduino\cores\e01feb5e57f163580f9589b263a41343\core.a(HardwareTimer.cpp.o)
                0x0000000000001656                HardwareTimer::~HardwareTimer()
                0x0000000000001656                HardwareTimer::~HardwareTimer()
 .text._ZN13HardwareTimer5setupEP11TIM_TypeDef
                0x0000000000001694       0xa4 C:\Users\v6_20\AppData\Local\arduino\cores\e01feb5e57f163580f9589b263a41343\core.a(HardwareTimer.cpp.o)
                0x0000000000001694                HardwareTimer::setup(TIM_TypeDef*)
 .text._ZN13HardwareTimerC2EP11TIM_TypeDef
                0x0000000000001738       0x3c C:\Users\v6_20\AppData\Local\arduino\cores\e01feb5e57f163580f9589b263a41343\core.a(HardwareTimer.cpp.o)
                0x0000000000001738                HardwareTimer::HardwareTimer(TIM_TypeDef*)
                0x0000000000001738                HardwareTimer::HardwareTimer(TIM_TypeDef*)
 .text._ZNKSt8functionIFvvEEclEv
                0x0000000000001774       0x14 C:\Users\v6_20\AppData\Local\arduino\cores\e01feb5e57f163580f9589b263a41343\core.a(HardwareTimer.cpp.o)
                0x0000000000001774                std::function<void ()>::operator()() const
 .text._ZN13HardwareTimer14updateCallbackEP17TIM_HandleTypeDef
                0x0000000000001788       0x3a C:\Users\v6_20\AppData\Local\arduino\cores\e01feb5e57f163580f9589b263a41343\core.a(HardwareTimer.cpp.o)
                0x0000000000001788                HardwareTimer::updateCallback(TIM_HandleTypeDef*)
 .text.TIM1_UP_IRQHandler
                0x00000000000017c2        0xe C:\Users\v6_20\AppData\Local\arduino\cores\e01feb5e57f163580f9589b263a41343\core.a(HardwareTimer.cpp.o)
                0x00000000000017c2                TIM1_UP_IRQHandler
 .text._ZN13HardwareTimer22captureCompareCallbackEP17TIM_HandleTypeDef
                0x00000000000017d0       0x9c C:\Users\v6_20\AppData\Local\arduino\cores\e01feb5e57f163580f9589b263a41343\core.a(HardwareTimer.cpp.o)
                0x00000000000017d0                HardwareTimer::captureCompareCallback(TIM_HandleTypeDef*)
 .text.TIM1_CC_IRQHandler
                0x000000000000186c        0xe C:\Users\v6_20\AppData\Local\arduino\cores\e01feb5e57f163580f9589b263a41343\core.a(HardwareTimer.cpp.o)
                0x000000000000186c                TIM1_CC_IRQHandler
 .text.TIM2_IRQHandler
                0x000000000000187a       0x1e C:\Users\v6_20\AppData\Local\arduino\cores\e01feb5e57f163580f9589b263a41343\core.a(HardwareTimer.cpp.o)
                0x000000000000187a                TIM2_IRQHandler
 .text._ZN6Stream9timedReadEv
                0x0000000000001898       0x2c C:\Users\v6_20\AppData\Local\arduino\cores\e01feb5e57f163580f9589b263a41343\core.a(Stream.cpp.o)
                0x0000000000001898                Stream::timedRead()
 .text._ZN6Stream9readBytesEPcj
                0x00000000000018c4       0x30 C:\Users\v6_20\AppData\Local\arduino\cores\e01feb5e57f163580f9589b263a41343\core.a(Stream.cpp.o)
                0x00000000000018c4                Stream::readBytes(char*, unsigned int)
 .text._ZN6Stream14readBytesUntilEcPcj
                0x00000000000018f4       0x3c C:\Users\v6_20\AppData\Local\arduino\cores\e01feb5e57f163580f9589b263a41343\core.a(Stream.cpp.o)
                0x00000000000018f4                Stream::readBytesUntil(char, char*, unsigned int)
 .text.pre_init
                0x0000000000001930        0xa C:\Users\v6_20\AppData\Local\arduino\cores\e01feb5e57f163580f9589b263a41343\core.a(board.c.o)
                0x0000000000001930                pre_init
 .text.set_GPIO_Port_Clock
                0x000000000000193a       0x4c C:\Users\v6_20\AppData\Local\arduino\cores\e01feb5e57f163580f9589b263a41343\core.a(PortNames.c.o)
                0x000000000000193a                set_GPIO_Port_Clock
 .text.get_adc_channel
                0x0000000000001986       0x2a C:\Users\v6_20\AppData\Local\arduino\cores\e01feb5e57f163580f9589b263a41343\core.a(analog.cpp.o)
                0x0000000000001986                get_adc_channel
 .text.ADC_Clock_EN
                0x00000000000019b0       0x34 C:\Users\v6_20\AppData\Local\arduino\cores\e01feb5e57f163580f9589b263a41343\core.a(analog.cpp.o)
                0x00000000000019b0                ADC_Clock_EN
 .text.ADC_Stop
                0x00000000000019e4        0xc C:\Users\v6_20\AppData\Local\arduino\cores\e01feb5e57f163580f9589b263a41343\core.a(analog.cpp.o)
                0x00000000000019e4                ADC_Stop
 .text.adc_read_value
                0x00000000000019f0       0xb2 C:\Users\v6_20\AppData\Local\arduino\cores\e01feb5e57f163580f9589b263a41343\core.a(analog.cpp.o)
                0x00000000000019f0                adc_read_value
 .text.pwm_stop
                0x0000000000001aa2       0x72 C:\Users\v6_20\AppData\Local\arduino\cores\e01feb5e57f163580f9589b263a41343\core.a(analog.cpp.o)
                0x0000000000001aa2                pwm_stop
 .text.GetTick  0x0000000000001b14        0xa C:\Users\v6_20\AppData\Local\arduino\cores\e01feb5e57f163580f9589b263a41343\core.a(clock.c.o)
                0x0000000000001b14                GetTick
 .text.noOsSystickHandler
                0x0000000000001b1e        0x2 C:\Users\v6_20\AppData\Local\arduino\cores\e01feb5e57f163580f9589b263a41343\core.a(clock.c.o)
                0x0000000000001b1e                osSystickHandler
                0x0000000000001b1e                noOsSystickHandler
 .text.getCurrentMillis
                0x0000000000001b20        0xa C:\Users\v6_20\AppData\Local\arduino\cores\e01feb5e57f163580f9589b263a41343\core.a(clock.c.o)
                0x0000000000001b20                getCurrentMillis
 .text.SysTick_Handler
                0x0000000000001b2a       0x2a C:\Users\v6_20\AppData\Local\arduino\cores\e01feb5e57f163580f9589b263a41343\core.a(clock.c.o)
                0x0000000000001b2a                SysTick_Handler
 .text.systick_init
                0x0000000000001b54       0x3c C:\Users\v6_20\AppData\Local\arduino\cores\e01feb5e57f163580f9589b263a41343\core.a(hw_config.c.o)
                0x0000000000001b54                systick_init
 .text.hw_config_init
                0x0000000000001b90        0xa C:\Users\v6_20\AppData\Local\arduino\cores\e01feb5e57f163580f9589b263a41343\core.a(hw_config.c.o)
                0x0000000000001b90                hw_config_init
 .text._Z19_gpio_exti_callbackt
                0x0000000000001b9a       0x2e C:\Users\v6_20\AppData\Local\arduino\cores\e01feb5e57f163580f9589b263a41343\core.a(interrupt.cpp.o)
                0x0000000000001b9a                _gpio_exti_callback(unsigned short)
 .text.EXTI7_0_IRQHandler
                0x0000000000001bc8       0x2c C:\Users\v6_20\AppData\Local\arduino\cores\e01feb5e57f163580f9589b263a41343\core.a(interrupt.cpp.o)
                0x0000000000001bc8                EXTI7_0_IRQHandler
 .text.ADC_DeInit
                0x0000000000001bf4       0x26 C:\Users\v6_20\AppData\Local\arduino\cores\e01feb5e57f163580f9589b263a41343\core.a(ch32yyxx_adc.c.o)
                0x0000000000001bf4                ADC_DeInit
 .text.ADC_Init
                0x0000000000001c1a       0x4e C:\Users\v6_20\AppData\Local\arduino\cores\e01feb5e57f163580f9589b263a41343\core.a(ch32yyxx_adc.c.o)
                0x0000000000001c1a                ADC_Init
 .text.ADC_Cmd  0x0000000000001c68       0x10 C:\Users\v6_20\AppData\Local\arduino\cores\e01feb5e57f163580f9589b263a41343\core.a(ch32yyxx_adc.c.o)
                0x0000000000001c68                ADC_Cmd
 .text.ADC_SoftwareStartConvCmd
                0x0000000000001c78       0x18 C:\Users\v6_20\AppData\Local\arduino\cores\e01feb5e57f163580f9589b263a41343\core.a(ch32yyxx_adc.c.o)
                0x0000000000001c78                ADC_SoftwareStartConvCmd
 .text.ADC_RegularChannelConfig
                0x0000000000001c90       0xba C:\Users\v6_20\AppData\Local\arduino\cores\e01feb5e57f163580f9589b263a41343\core.a(ch32yyxx_adc.c.o)
                0x0000000000001c90                ADC_RegularChannelConfig
 .text.ADC_GetFlagStatus
                0x0000000000001d4a        0xa C:\Users\v6_20\AppData\Local\arduino\cores\e01feb5e57f163580f9589b263a41343\core.a(ch32yyxx_adc.c.o)
                0x0000000000001d4a                ADC_GetFlagStatus
 .text._sbrk    0x0000000000001d54       0x22 C:\Users\v6_20\AppData\Local\arduino\cores\e01feb5e57f163580f9589b263a41343\core.a(ch32yyxx_debug.c.o)
                0x0000000000001d54                _sbrk
 .text._fini    0x0000000000001d76        0x2 C:\Users\v6_20\AppData\Local\arduino\cores\e01feb5e57f163580f9589b263a41343\core.a(ch32yyxx_debug.c.o)
                0x0000000000001d76                _fini
 .text._init    0x0000000000001d78        0x2 C:\Users\v6_20\AppData\Local\arduino\cores\e01feb5e57f163580f9589b263a41343\core.a(ch32yyxx_debug.c.o)
                0x0000000000001d78                _init
 .text.EXTI_GetITStatus
                0x0000000000001d7a       0x1e C:\Users\v6_20\AppData\Local\arduino\cores\e01feb5e57f163580f9589b263a41343\core.a(ch32yyxx_exti.c.o)
                0x0000000000001d7a                EXTI_GetITStatus
 .text.EXTI_ClearITPendingBit
                0x0000000000001d98        0xa C:\Users\v6_20\AppData\Local\arduino\cores\e01feb5e57f163580f9589b263a41343\core.a(ch32yyxx_exti.c.o)
                0x0000000000001d98                EXTI_ClearITPendingBit
 .text.GPIO_Init
                0x0000000000001da2       0xd6 C:\Users\v6_20\AppData\Local\arduino\cores\e01feb5e57f163580f9589b263a41343\core.a(ch32yyxx_gpio.c.o)
                0x0000000000001da2                GPIO_Init
 .text.GPIO_ReadInputDataBit
                0x0000000000001e78        0xa C:\Users\v6_20\AppData\Local\arduino\cores\e01feb5e57f163580f9589b263a41343\core.a(ch32yyxx_gpio.c.o)
                0x0000000000001e78                GPIO_ReadInputDataBit
 .text.GPIO_SetBits
                0x0000000000001e82        0x4 C:\Users\v6_20\AppData\Local\arduino\cores\e01feb5e57f163580f9589b263a41343\core.a(ch32yyxx_gpio.c.o)
                0x0000000000001e82                GPIO_SetBits
 .text.GPIO_ResetBits
                0x0000000000001e86        0x4 C:\Users\v6_20\AppData\Local\arduino\cores\e01feb5e57f163580f9589b263a41343\core.a(ch32yyxx_gpio.c.o)
                0x0000000000001e86                GPIO_ResetBits
 .text.GPIO_PinRemapConfig
                0x0000000000001e8a       0xc4 C:\Users\v6_20\AppData\Local\arduino\cores\e01feb5e57f163580f9589b263a41343\core.a(ch32yyxx_gpio.c.o)
                0x0000000000001e8a                GPIO_PinRemapConfig
 .text.I2C_Init
                0x0000000000001f4e       0xe2 C:\Users\v6_20\AppData\Local\arduino\cores\e01feb5e57f163580f9589b263a41343\core.a(ch32yyxx_i2c.c.o)
                0x0000000000001f4e                I2C_Init
 .text.I2C_Cmd  0x0000000000002030       0x18 C:\Users\v6_20\AppData\Local\arduino\cores\e01feb5e57f163580f9589b263a41343\core.a(ch32yyxx_i2c.c.o)
                0x0000000000002030                I2C_Cmd
 .text.I2C_GenerateSTART
                0x0000000000002048       0x1a C:\Users\v6_20\AppData\Local\arduino\cores\e01feb5e57f163580f9589b263a41343\core.a(ch32yyxx_i2c.c.o)
                0x0000000000002048                I2C_GenerateSTART
 .text.I2C_GenerateSTOP
                0x0000000000002062       0x1a C:\Users\v6_20\AppData\Local\arduino\cores\e01feb5e57f163580f9589b263a41343\core.a(ch32yyxx_i2c.c.o)
                0x0000000000002062                I2C_GenerateSTOP
 .text.I2C_AcknowledgeConfig
                0x000000000000207c       0x1a C:\Users\v6_20\AppData\Local\arduino\cores\e01feb5e57f163580f9589b263a41343\core.a(ch32yyxx_i2c.c.o)
                0x000000000000207c                I2C_AcknowledgeConfig
 .text.I2C_SendData
                0x0000000000002096        0x4 C:\Users\v6_20\AppData\Local\arduino\cores\e01feb5e57f163580f9589b263a41343\core.a(ch32yyxx_i2c.c.o)
                0x0000000000002096                I2C_SendData
 .text.I2C_ReceiveData
                0x000000000000209a        0x8 C:\Users\v6_20\AppData\Local\arduino\cores\e01feb5e57f163580f9589b263a41343\core.a(ch32yyxx_i2c.c.o)
                0x000000000000209a                I2C_ReceiveData
 .text.I2C_Send7bitAddress
                0x00000000000020a2       0x12 C:\Users\v6_20\AppData\Local\arduino\cores\e01feb5e57f163580f9589b263a41343\core.a(ch32yyxx_i2c.c.o)
                0x00000000000020a2                I2C_Send7bitAddress
 .text.I2C_CheckEvent
                0x00000000000020b4       0x16 C:\Users\v6_20\AppData\Local\arduino\cores\e01feb5e57f163580f9589b263a41343\core.a(ch32yyxx_i2c.c.o)
                0x00000000000020b4                I2C_CheckEvent
 .text.I2C_GetLastEvent
                0x00000000000020ca        0xe C:\Users\v6_20\AppData\Local\arduino\cores\e01feb5e57f163580f9589b263a41343\core.a(ch32yyxx_i2c.c.o)
                0x00000000000020ca                I2C_GetLastEvent
 .text.I2C_GetFlagStatus
                0x00000000000020d8       0x32 C:\Users\v6_20\AppData\Local\arduino\cores\e01feb5e57f163580f9589b263a41343\core.a(ch32yyxx_i2c.c.o)
                0x00000000000020d8                I2C_GetFlagStatus
 .text.I2C_ClearFlag
                0x000000000000210a        0xc C:\Users\v6_20\AppData\Local\arduino\cores\e01feb5e57f163580f9589b263a41343\core.a(ch32yyxx_i2c.c.o)
                0x000000000000210a                I2C_ClearFlag
 .text.NMI_Handler
                0x0000000000002116        0x4 C:\Users\v6_20\AppData\Local\arduino\cores\e01feb5e57f163580f9589b263a41343\core.a(ch32yyxx_it.c.o)
                0x0000000000002116                NMI_Handler
 .text.HardFault_Handler
                0x000000000000211a        0x2 C:\Users\v6_20\AppData\Local\arduino\cores\e01feb5e57f163580f9589b263a41343\core.a(ch32yyxx_it.c.o)
                0x000000000000211a                HardFault_Handler
 .text.RCC_ADCCLKConfig
                0x000000000000211c       0x14 C:\Users\v6_20\AppData\Local\arduino\cores\e01feb5e57f163580f9589b263a41343\core.a(ch32yyxx_rcc.c.o)
                0x000000000000211c                RCC_ADCCLKConfig
 .text.RCC_GetClocksFreq
                0x0000000000002130       0x9c C:\Users\v6_20\AppData\Local\arduino\cores\e01feb5e57f163580f9589b263a41343\core.a(ch32yyxx_rcc.c.o)
                0x0000000000002130                RCC_GetClocksFreq
 .text.RCC_APB2PeriphClockCmd
                0x00000000000021cc       0x1e C:\Users\v6_20\AppData\Local\arduino\cores\e01feb5e57f163580f9589b263a41343\core.a(ch32yyxx_rcc.c.o)
                0x00000000000021cc                RCC_APB2PeriphClockCmd
 .text.RCC_APB1PeriphClockCmd
                0x00000000000021ea       0x1e C:\Users\v6_20\AppData\Local\arduino\cores\e01feb5e57f163580f9589b263a41343\core.a(ch32yyxx_rcc.c.o)
                0x00000000000021ea                RCC_APB1PeriphClockCmd
 .text.RCC_APB2PeriphResetCmd
                0x0000000000002208       0x1e C:\Users\v6_20\AppData\Local\arduino\cores\e01feb5e57f163580f9589b263a41343\core.a(ch32yyxx_rcc.c.o)
                0x0000000000002208                RCC_APB2PeriphResetCmd
 .text.RCC_APB1PeriphResetCmd
                0x0000000000002226       0x1e C:\Users\v6_20\AppData\Local\arduino\cores\e01feb5e57f163580f9589b263a41343\core.a(ch32yyxx_rcc.c.o)
                0x0000000000002226                RCC_APB1PeriphResetCmd
 .text.TIM_TimeBaseInit
                0x0000000000002244       0x4e C:\Users\v6_20\AppData\Local\arduino\cores\e01feb5e57f163580f9589b263a41343\core.a(ch32yyxx_tim.c.o)
                0x0000000000002244                TIM_TimeBaseInit
 .text.TIM_ARRPreloadConfig
                0x0000000000002292       0x1a C:\Users\v6_20\AppData\Local\arduino\cores\e01feb5e57f163580f9589b263a41343\core.a(ch32yyxx_tim.c.o)
                0x0000000000002292                TIM_ARRPreloadConfig
 .text.TIM_GetITStatus
                0x00000000000022ac       0x18 C:\Users\v6_20\AppData\Local\arduino\cores\e01feb5e57f163580f9589b263a41343\core.a(ch32yyxx_tim.c.o)
                0x00000000000022ac                TIM_GetITStatus
 .text.TIM_ClearITPendingBit
                0x00000000000022c4        0xc C:\Users\v6_20\AppData\Local\arduino\cores\e01feb5e57f163580f9589b263a41343\core.a(ch32yyxx_tim.c.o)
                0x00000000000022c4                TIM_ClearITPendingBit
 .text.USART_Init
                0x00000000000022d0       0xce C:\Users\v6_20\AppData\Local\arduino\cores\e01feb5e57f163580f9589b263a41343\core.a(ch32yyxx_usart.c.o)
                0x00000000000022d0                USART_Init
 .text.USART_Cmd
                0x000000000000239e       0x16 C:\Users\v6_20\AppData\Local\arduino\cores\e01feb5e57f163580f9589b263a41343\core.a(ch32yyxx_usart.c.o)
                0x000000000000239e                USART_Cmd
 .text.USART_SendData
                0x00000000000023b4        0x8 C:\Users\v6_20\AppData\Local\arduino\cores\e01feb5e57f163580f9589b263a41343\core.a(ch32yyxx_usart.c.o)
                0x00000000000023b4                USART_SendData
 .text.USART_ReceiveData
                0x00000000000023bc        0x8 C:\Users\v6_20\AppData\Local\arduino\cores\e01feb5e57f163580f9589b263a41343\core.a(ch32yyxx_usart.c.o)
                0x00000000000023bc                USART_ReceiveData
 .text.USART_HalfDuplexCmd
                0x00000000000023c4       0x18 C:\Users\v6_20\AppData\Local\arduino\cores\e01feb5e57f163580f9589b263a41343\core.a(ch32yyxx_usart.c.o)
                0x00000000000023c4                USART_HalfDuplexCmd
 .text.USART_GetFlagStatus
                0x00000000000023dc        0xa C:\Users\v6_20\AppData\Local\arduino\cores\e01feb5e57f163580f9589b263a41343\core.a(ch32yyxx_usart.c.o)
                0x00000000000023dc                USART_GetFlagStatus
 .text.SystemInit
                0x00000000000023e6       0x90 C:\Users\v6_20\AppData\Local\arduino\cores\e01feb5e57f163580f9589b263a41343\core.a(system_ch32yyxx.c.o)
                0x00000000000023e6                SystemInit
 .text.pin_in_pinmap
                0x0000000000002476       0x1e C:\Users\v6_20\AppData\Local\arduino\cores\e01feb5e57f163580f9589b263a41343\core.a(pinmap.c.o)
                0x0000000000002476                pin_in_pinmap
 .text.pin_function
                0x0000000000002494      0x198 C:\Users\v6_20\AppData\Local\arduino\cores\e01feb5e57f163580f9589b263a41343\core.a(pinmap.c.o)
                0x0000000000002494                pin_function
 .text.pinmap_pinout
                0x000000000000262c       0x26 C:\Users\v6_20\AppData\Local\arduino\cores\e01feb5e57f163580f9589b263a41343\core.a(pinmap.c.o)
                0x000000000000262c                pinmap_pinout
 .text.pinmap_find_peripheral
                0x0000000000002652       0x18 C:\Users\v6_20\AppData\Local\arduino\cores\e01feb5e57f163580f9589b263a41343\core.a(pinmap.c.o)
                0x0000000000002652                pinmap_find_peripheral
 .text.pinmap_peripheral
                0x000000000000266a       0x14 C:\Users\v6_20\AppData\Local\arduino\cores\e01feb5e57f163580f9589b263a41343\core.a(pinmap.c.o)
                0x000000000000266a                pinmap_peripheral
 .text.pinmap_find_function
                0x000000000000267e       0x18 C:\Users\v6_20\AppData\Local\arduino\cores\e01feb5e57f163580f9589b263a41343\core.a(pinmap.c.o)
                0x000000000000267e                pinmap_find_function
 .text.pinmap_function
                0x0000000000002696       0x14 C:\Users\v6_20\AppData\Local\arduino\cores\e01feb5e57f163580f9589b263a41343\core.a(pinmap.c.o)
                0x0000000000002696                pinmap_function
 .text.pinmap_merge_peripheral
                0x00000000000026aa       0x12 C:\Users\v6_20\AppData\Local\arduino\cores\e01feb5e57f163580f9589b263a41343\core.a(pinmap.c.o)
                0x00000000000026aa                pinmap_merge_peripheral
 .text.vector_handler
                0x00000000000026bc       0x36 C:\Users\v6_20\AppData\Local\arduino\cores\e01feb5e57f163580f9589b263a41343\core.a(startup_ch32yyxx.S.o)
                0x00000000000026c2                SW_Handler
                0x00000000000026c4                WWDG_IRQHandler
                0x00000000000026c6                PVD_IRQHandler
                0x00000000000026c8                FLASH_IRQHandler
                0x00000000000026ca                RCC_IRQHandler
                0x00000000000026ce                AWU_IRQHandler
                0x00000000000026d0                DMA1_Channel1_IRQHandler
                0x00000000000026d2                DMA1_Channel2_IRQHandler
                0x00000000000026d4                DMA1_Channel3_IRQHandler
                0x00000000000026d6                DMA1_Channel4_IRQHandler
                0x00000000000026d8                DMA1_Channel5_IRQHandler
                0x00000000000026da                DMA1_Channel6_IRQHandler
                0x00000000000026dc                DMA1_Channel7_IRQHandler
                0x00000000000026de                ADC1_IRQHandler
                0x00000000000026e4                USART1_IRQHandler
                0x00000000000026e6                SPI1_IRQHandler
                0x00000000000026e8                TIM1_BRK_IRQHandler
                0x00000000000026ec                TIM1_TRG_COM_IRQHandler
 .text.handle_reset
                0x00000000000026f2       0x8c C:\Users\v6_20\AppData\Local\arduino\cores\e01feb5e57f163580f9589b263a41343\core.a(startup_ch32yyxx.S.o)
                0x00000000000026f2                handle_reset
 .text.get_timer_obj
                0x000000000000277e        0x4 C:\Users\v6_20\AppData\Local\arduino\cores\e01feb5e57f163580f9589b263a41343\core.a(timer.c.o)
                0x000000000000277e                get_timer_obj
 .text.enableTimerClock
                0x0000000000002782       0x36 C:\Users\v6_20\AppData\Local\arduino\cores\e01feb5e57f163580f9589b263a41343\core.a(timer.c.o)
                0x0000000000002782                enableTimerClock
 .text.disableTimerClock
                0x00000000000027b8       0x36 C:\Users\v6_20\AppData\Local\arduino\cores\e01feb5e57f163580f9589b263a41343\core.a(timer.c.o)
                0x00000000000027b8                disableTimerClock
 .text.uart_init.part.0
                0x00000000000027ee      0x152 C:\Users\v6_20\AppData\Local\arduino\cores\e01feb5e57f163580f9589b263a41343\core.a(uart.c.o)
 .text.uart_debug_init
                0x0000000000002940       0x46 C:\Users\v6_20\AppData\Local\arduino\cores\e01feb5e57f163580f9589b263a41343\core.a(uart.c.o)
                0x0000000000002940                uart_debug_init
 .text.serial_rx_active
                0x0000000000002986       0x26 C:\Users\v6_20\AppData\Local\arduino\cores\e01feb5e57f163580f9589b263a41343\core.a(uart.c.o)
                0x0000000000002986                serial_rx_active
 .text.serial_tx_active
                0x00000000000029ac       0x26 C:\Users\v6_20\AppData\Local\arduino\cores\e01feb5e57f163580f9589b263a41343\core.a(uart.c.o)
                0x00000000000029ac                serial_tx_active
 .text.uart_debug_write
                0x00000000000029d2      0x10a C:\Users\v6_20\AppData\Local\arduino\cores\e01feb5e57f163580f9589b263a41343\core.a(uart.c.o)
                0x00000000000029d2                uart_debug_write
 .text.uart_getc
                0x0000000000002adc       0x36 C:\Users\v6_20\AppData\Local\arduino\cores\e01feb5e57f163580f9589b263a41343\core.a(uart.c.o)
                0x0000000000002adc                uart_getc
 .text.__empty  0x0000000000002b12        0x2 C:\Users\v6_20\AppData\Local\arduino\cores\e01feb5e57f163580f9589b263a41343\core.a(hooks.c.o)
                0x0000000000002b12                yield
 .text.startup.main
                0x0000000000002b14       0x12 C:\Users\v6_20\AppData\Local\arduino\cores\e01feb5e57f163580f9589b263a41343\core.a(main.cpp.o)
                0x0000000000002b14                main
 .text.pinNametoDigitalPin
                0x0000000000002b26       0x38 C:\Users\v6_20\AppData\Local\arduino\cores\e01feb5e57f163580f9589b263a41343\core.a(pins_arduino.cpp.o)
                0x0000000000002b26                pinNametoDigitalPin
 .text.analogInputToPinName
                0x0000000000002b5e      0x152 C:\Users\v6_20\AppData\Local\arduino\cores\e01feb5e57f163580f9589b263a41343\core.a(pins_arduino.cpp.o)
                0x0000000000002b5e                analogInputToPinName
 .text.mapResolution
                0x0000000000002cb0       0x30 C:\Users\v6_20\AppData\Local\arduino\cores\e01feb5e57f163580f9589b263a41343\core.a(wiring_analog.c.o)
 .text.analogRead
                0x0000000000002ce0       0x2a C:\Users\v6_20\AppData\Local\arduino\cores\e01feb5e57f163580f9589b263a41343\core.a(wiring_analog.c.o)
                0x0000000000002ce0                analogRead
 .text.pinMode  0x0000000000002d0a       0xf2 C:\Users\v6_20\AppData\Local\arduino\cores\e01feb5e57f163580f9589b263a41343\core.a(wiring_digital.c.o)
                0x0000000000002d0a                pinMode
 .text.digitalRead
                0x0000000000002dfc       0x90 C:\Users\v6_20\AppData\Local\arduino\cores\e01feb5e57f163580f9589b263a41343\core.a(wiring_digital.c.o)
                0x0000000000002dfc                digitalRead
 .text.millis   0x0000000000002e8c        0xc C:\Users\v6_20\AppData\Local\arduino\cores\e01feb5e57f163580f9589b263a41343\core.a(wiring_time.c.o)
                0x0000000000002e8c                millis
 .text.delay    0x0000000000002e98       0x22 C:\Users\v6_20\AppData\Local\arduino\cores\e01feb5e57f163580f9589b263a41343\core.a(wiring_time.c.o)
                0x0000000000002e98                delay
 .text._Znwj    0x0000000000002eba       0x24 c:/users/v6_20/appdata/local/arduino15/packages/uiap/tools/riscv-none-embed-gcc/8.2.0/bin/../lib/gcc/riscv-none-embed/8.2.0/../../../../riscv-none-embed/lib/rv32ecxw/ilp32e\libstdc++_nano.a(new_op.o)
                0x0000000000002eba                operator new(unsigned int)
 .text._ZdlPvj  0x0000000000002ede        0x2 c:/users/v6_20/appdata/local/arduino15/packages/uiap/tools/riscv-none-embed-gcc/8.2.0/bin/../lib/gcc/riscv-none-embed/8.2.0/../../../../riscv-none-embed/lib/rv32ecxw/ilp32e\libstdc++_nano.a(del_ops.o)
                0x0000000000002ede                operator delete(void*, unsigned int)
 .text._ZSt15get_new_handlerv
                0x0000000000002ee0        0x8 c:/users/v6_20/appdata/local/arduino15/packages/uiap/tools/riscv-none-embed-gcc/8.2.0/bin/../lib/gcc/riscv-none-embed/8.2.0/../../../../riscv-none-embed/lib/rv32ecxw/ilp32e\libstdc++_nano.a(new_handler.o)
                0x0000000000002ee0                std::get_new_handler()
 .text.unlikely._ZSt25__throw_bad_function_callv
                0x0000000000002ee8        0x6 c:/users/v6_20/appdata/local/arduino15/packages/uiap/tools/riscv-none-embed-gcc/8.2.0/bin/../lib/gcc/riscv-none-embed/8.2.0/../../../../riscv-none-embed/lib/rv32ecxw/ilp32e\libstdc++_nano.a(functional.o)
                0x0000000000002ee8                std::__throw_bad_function_call()
 .text._ZdlPv   0x0000000000002eee        0x2 c:/users/v6_20/appdata/local/arduino15/packages/uiap/tools/riscv-none-embed-gcc/8.2.0/bin/../lib/gcc/riscv-none-embed/8.2.0/../../../../riscv-none-embed/lib/rv32ecxw/ilp32e\libstdc++_nano.a(del_op.o)
                0x0000000000002eee                operator delete(void*)
 .text.abort    0x0000000000002ef0        0xe c:/users/v6_20/appdata/local/arduino15/packages/uiap/tools/riscv-none-embed-gcc/8.2.0/bin/../lib/gcc/riscv-none-embed/8.2.0/../../../../riscv-none-embed/lib/rv32ecxw/ilp32e\libc_nano.a(lib_a-abort.o)
                0x0000000000002ef0                abort
 .text.atexit   0x0000000000002efe        0xa c:/users/v6_20/appdata/local/arduino15/packages/uiap/tools/riscv-none-embed-gcc/8.2.0/bin/../lib/gcc/riscv-none-embed/8.2.0/../../../../riscv-none-embed/lib/rv32ecxw/ilp32e\libc_nano.a(lib_a-atexit.o)
                0x0000000000002efe                atexit
 .text.__libc_fini_array
                0x0000000000002f08       0x3a c:/users/v6_20/appdata/local/arduino15/packages/uiap/tools/riscv-none-embed-gcc/8.2.0/bin/../lib/gcc/riscv-none-embed/8.2.0/../../../../riscv-none-embed/lib/rv32ecxw/ilp32e\libc_nano.a(lib_a-fini.o)
                0x0000000000002f08                __libc_fini_array
 .text.__libc_init_array
                0x0000000000002f42       0x76 c:/users/v6_20/appdata/local/arduino15/packages/uiap/tools/riscv-none-embed-gcc/8.2.0/bin/../lib/gcc/riscv-none-embed/8.2.0/../../../../riscv-none-embed/lib/rv32ecxw/ilp32e\libc_nano.a(lib_a-init.o)
                0x0000000000002f42                __libc_init_array
 .text.malloc   0x0000000000002fb8        0xa c:/users/v6_20/appdata/local/arduino15/packages/uiap/tools/riscv-none-embed-gcc/8.2.0/bin/../lib/gcc/riscv-none-embed/8.2.0/../../../../riscv-none-embed/lib/rv32ecxw/ilp32e\libc_nano.a(lib_a-malloc.o)
                0x0000000000002fb8                malloc
 .text.free     0x0000000000002fc2        0xa c:/users/v6_20/appdata/local/arduino15/packages/uiap/tools/riscv-none-embed-gcc/8.2.0/bin/../lib/gcc/riscv-none-embed/8.2.0/../../../../riscv-none-embed/lib/rv32ecxw/ilp32e\libc_nano.a(lib_a-malloc.o)
                0x0000000000002fc2                free
 .text.memcpy   0x0000000000002fcc       0xd2 c:/users/v6_20/appdata/local/arduino15/packages/uiap/tools/riscv-none-embed-gcc/8.2.0/bin/../lib/gcc/riscv-none-embed/8.2.0/../../../../riscv-none-embed/lib/rv32ecxw/ilp32e\libc_nano.a(lib_a-memcpy.o)
                0x0000000000002fcc                memcpy
 .text._free_r  0x000000000000309e       0xa4 c:/users/v6_20/appdata/local/arduino15/packages/uiap/tools/riscv-none-embed-gcc/8.2.0/bin/../lib/gcc/riscv-none-embed/8.2.0/../../../../riscv-none-embed/lib/rv32ecxw/ilp32e\libc_nano.a(lib_a-nano-freer.o)
                0x000000000000309e                _free_r
 .text._malloc_r
                0x0000000000003142       0xd4 c:/users/v6_20/appdata/local/arduino15/packages/uiap/tools/riscv-none-embed-gcc/8.2.0/bin/../lib/gcc/riscv-none-embed/8.2.0/../../../../riscv-none-embed/lib/rv32ecxw/ilp32e\libc_nano.a(lib_a-nano-mallocr.o)
                0x0000000000003142                _malloc_r
 .text.realloc  0x0000000000003216        0xc c:/users/v6_20/appdata/local/arduino15/packages/uiap/tools/riscv-none-embed-gcc/8.2.0/bin/../lib/gcc/riscv-none-embed/8.2.0/../../../../riscv-none-embed/lib/rv32ecxw/ilp32e\libc_nano.a(lib_a-realloc.o)
                0x0000000000003216                realloc
 .text._sbrk_r  0x0000000000003222       0x2a c:/users/v6_20/appdata/local/arduino15/packages/uiap/tools/riscv-none-embed-gcc/8.2.0/bin/../lib/gcc/riscv-none-embed/8.2.0/../../../../riscv-none-embed/lib/rv32ecxw/ilp32e\libc_nano.a(lib_a-sbrkr.o)
                0x0000000000003222                _sbrk_r
 .text._raise_r
                0x000000000000324c       0x62 c:/users/v6_20/appdata/local/arduino15/packages/uiap/tools/riscv-none-embed-gcc/8.2.0/bin/../lib/gcc/riscv-none-embed/8.2.0/../../../../riscv-none-embed/lib/rv32ecxw/ilp32e\libc_nano.a(lib_a-signal.o)
                0x000000000000324c                _raise_r
 .text.raise    0x00000000000032ae        0xc c:/users/v6_20/appdata/local/arduino15/packages/uiap/tools/riscv-none-embed-gcc/8.2.0/bin/../lib/gcc/riscv-none-embed/8.2.0/../../../../riscv-none-embed/lib/rv32ecxw/ilp32e\libc_nano.a(lib_a-signal.o)
                0x00000000000032ae                raise
 .text._kill_r  0x00000000000032ba       0x2a c:/users/v6_20/appdata/local/arduino15/packages/uiap/tools/riscv-none-embed-gcc/8.2.0/bin/../lib/gcc/riscv-none-embed/8.2.0/../../../../riscv-none-embed/lib/rv32ecxw/ilp32e\libc_nano.a(lib_a-signalr.o)
                0x00000000000032ba                _kill_r
 .text._getpid_r
                0x00000000000032e4        0x2 c:/users/v6_20/appdata/local/arduino15/packages/uiap/tools/riscv-none-embed-gcc/8.2.0/bin/../lib/gcc/riscv-none-embed/8.2.0/../../../../riscv-none-embed/lib/rv32ecxw/ilp32e\libc_nano.a(lib_a-signalr.o)
                0x00000000000032e4                _getpid_r
 .text.__register_exitproc
                0x00000000000032e6       0x7a c:/users/v6_20/appdata/local/arduino15/packages/uiap/tools/riscv-none-embed-gcc/8.2.0/bin/../lib/gcc/riscv-none-embed/8.2.0/../../../../riscv-none-embed/lib/rv32ecxw/ilp32e\libc_nano.a(lib_a-__atexit.o)
                0x00000000000032e6                __register_exitproc
 .text.startup.register_fini
                0x0000000000003360       0x18 c:/users/v6_20/appdata/local/arduino15/packages/uiap/tools/riscv-none-embed-gcc/8.2.0/bin/../lib/gcc/riscv-none-embed/8.2.0/../../../../riscv-none-embed/lib/rv32ecxw/ilp32e\libc_nano.a(lib_a-__call_atexit.o)
 .text.__malloc_lock
                0x0000000000003378        0x2 c:/users/v6_20/appdata/local/arduino15/packages/uiap/tools/riscv-none-embed-gcc/8.2.0/bin/../lib/gcc/riscv-none-embed/8.2.0/../../../../riscv-none-embed/lib/rv32ecxw/ilp32e\libc_nano.a(lib_a-mlock.o)
                0x0000000000003378                __malloc_lock
 .text.__malloc_unlock
                0x000000000000337a        0x2 c:/users/v6_20/appdata/local/arduino15/packages/uiap/tools/riscv-none-embed-gcc/8.2.0/bin/../lib/gcc/riscv-none-embed/8.2.0/../../../../riscv-none-embed/lib/rv32ecxw/ilp32e\libc_nano.a(lib_a-mlock.o)
                0x000000000000337a                __malloc_unlock
 .text._realloc_r
                0x000000000000337c       0x58 c:/users/v6_20/appdata/local/arduino15/packages/uiap/tools/riscv-none-embed-gcc/8.2.0/bin/../lib/gcc/riscv-none-embed/8.2.0/../../../../riscv-none-embed/lib/rv32ecxw/ilp32e\libc_nano.a(lib_a-nano-reallocr.o)
                0x000000000000337c                _realloc_r
 .text._malloc_usable_size_r
                0x00000000000033d4       0x14 c:/users/v6_20/appdata/local/arduino15/packages/uiap/tools/riscv-none-embed-gcc/8.2.0/bin/../lib/gcc/riscv-none-embed/8.2.0/../../../../riscv-none-embed/lib/rv32ecxw/ilp32e\libc_nano.a(lib_a-nano-msizer.o)
                0x00000000000033d4                _malloc_usable_size_r
 .text.__udivdi3
                0x00000000000033e8      0x4f2 c:/users/v6_20/appdata/local/arduino15/packages/uiap/tools/riscv-none-embed-gcc/8.2.0/bin/../lib/gcc/riscv-none-embed/8.2.0/rv32ecxw/ilp32e\libgcc.a(_udivdi3.o)
                0x00000000000033e8                __udivdi3
 .text.__muldi3
                0x00000000000038da       0x6a c:/users/v6_20/appdata/local/arduino15/packages/uiap/tools/riscv-none-embed-gcc/8.2.0/bin/../lib/gcc/riscv-none-embed/8.2.0/rv32ecxw/ilp32e\libgcc.a(multi3.o)
                0x00000000000038da                __muldi3
 .text._getpid  0x0000000000003944        0xc c:/users/v6_20/appdata/local/arduino15/packages/uiap/tools/riscv-none-embed-gcc/8.2.0/bin/../lib/gcc/riscv-none-embed/8.2.0/../../../../riscv-none-embed/lib/rv32ecxw/ilp32e\libnosys.a(getpid.o)
                0x0000000000003944                _getpid
 .text._kill    0x0000000000003950        0xc c:/users/v6_20/appdata/local/arduino15/packages/uiap/tools/riscv-none-embed-gcc/8.2.0/bin/../lib/gcc/riscv-none-embed/8.2.0/../../../../riscv-none-embed/lib/rv32ecxw/ilp32e\libnosys.a(kill.o)
                0x0000000000003950                _kill
 .text._exit    0x000000000000395c        0x2 c:/users/v6_20/appdata/local/arduino15/packages/uiap/tools/riscv-none-embed-gcc/8.2.0/bin/../lib/gcc/riscv-none-embed/8.2.0/../../../../riscv-none-embed/lib/rv32ecxw/ilp32e\libnosys.a(_exit.o)
                0x000000000000395c                _exit
 *(.rodata)
 *(.rodata*)
 *fill*         0x000000000000395e        0x2 
 .rodata._ZL4font
                0x0000000000003960       0x64 C:\Users\v6_20\AppData\Local\arduino\sketches\7BDB694DF84888995F8393485F5CFA4B\sketch\UIAPduino_Simple_Oscilloscope.ino.cpp.o
 .rodata._ZL5tStrs
                0x00000000000039c4       0x10 C:\Users\v6_20\AppData\Local\arduino\sketches\7BDB694DF84888995F8393485F5CFA4B\sketch\UIAPduino_Simple_Oscilloscope.ino.cpp.o
 .rodata._ZL5vStrs
                0x00000000000039d4       0x10 C:\Users\v6_20\AppData\Local\arduino\sketches\7BDB694DF84888995F8393485F5CFA4B\sketch\UIAPduino_Simple_Oscilloscope.ino.cpp.o
 .rodata._ZL6offset
                0x00000000000039e4       0x10 C:\Users\v6_20\AppData\Local\arduino\sketches\7BDB694DF84888995F8393485F5CFA4B\sketch\UIAPduino_Simple_Oscilloscope.ino.cpp.o
 .rodata._ZL6t_wait
                0x00000000000039f4       0x10 C:\Users\v6_20\AppData\Local\arduino\sketches\7BDB694DF84888995F8393485F5CFA4B\sketch\UIAPduino_Simple_Oscilloscope.ino.cpp.o
 .rodata._ZTV7TwoWire
                0x0000000000003a04       0x2c C:\Users\v6_20\AppData\Local\arduino\sketches\7BDB694DF84888995F8393485F5CFA4B\libraries\Wire\Wire.cpp.o
                0x0000000000003a04                vtable for TwoWire
 .rodata.PinMap_ADC
                0x0000000000003a30       0x6c C:\Users\v6_20\AppData\Local\arduino\sketches\7BDB694DF84888995F8393485F5CFA4B\core\PeripheralPins.c.o
                0x0000000000003a30                PinMap_ADC
 .rodata.PinMap_I2C_SCL
                0x0000000000003a9c       0x18 C:\Users\v6_20\AppData\Local\arduino\sketches\7BDB694DF84888995F8393485F5CFA4B\core\PeripheralPins.c.o
                0x0000000000003a9c                PinMap_I2C_SCL
 .rodata.PinMap_I2C_SDA
                0x0000000000003ab4       0x18 C:\Users\v6_20\AppData\Local\arduino\sketches\7BDB694DF84888995F8393485F5CFA4B\core\PeripheralPins.c.o
                0x0000000000003ab4                PinMap_I2C_SDA
 .rodata.PinMap_TIM
                0x0000000000003acc       0x90 C:\Users\v6_20\AppData\Local\arduino\sketches\7BDB694DF84888995F8393485F5CFA4B\core\PeripheralPins.c.o
                0x0000000000003acc                PinMap_TIM
 .rodata.PinMap_UART_CTS
                0x0000000000003b5c       0x18 C:\Users\v6_20\AppData\Local\arduino\sketches\7BDB694DF84888995F8393485F5CFA4B\core\PeripheralPins.c.o
                0x0000000000003b5c                PinMap_UART_CTS
 .rodata.PinMap_UART_RTS
                0x0000000000003b74       0x18 C:\Users\v6_20\AppData\Local\arduino\sketches\7BDB694DF84888995F8393485F5CFA4B\core\PeripheralPins.c.o
                0x0000000000003b74                PinMap_UART_RTS
 .rodata.PinMap_UART_RX
                0x0000000000003b8c       0x18 C:\Users\v6_20\AppData\Local\arduino\sketches\7BDB694DF84888995F8393485F5CFA4B\core\PeripheralPins.c.o
                0x0000000000003b8c                PinMap_UART_RX
 .rodata.PinMap_UART_TX
                0x0000000000003ba4       0x18 C:\Users\v6_20\AppData\Local\arduino\sketches\7BDB694DF84888995F8393485F5CFA4B\core\PeripheralPins.c.o
                0x0000000000003ba4                PinMap_UART_TX
 .rodata.analogInputPin
                0x0000000000003bbc       0x20 C:\Users\v6_20\AppData\Local\arduino\sketches\7BDB694DF84888995F8393485F5CFA4B\core\variant_CH32V003F4.cpp.o
                0x0000000000003bbc                analogInputPin
 .rodata.digitalPin
                0x0000000000003bdc       0x48 C:\Users\v6_20\AppData\Local\arduino\sketches\7BDB694DF84888995F8393485F5CFA4B\core\variant_CH32V003F4.cpp.o
                0x0000000000003bdc                digitalPin
 .rodata._ZTV14HardwareSerial
                0x0000000000003c24       0x2c C:\Users\v6_20\AppData\Local\arduino\cores\e01feb5e57f163580f9589b263a41343\core.a(HardwareSerial.cpp.o)
                0x0000000000003c24                vtable for HardwareSerial
 .rodata.CSWTCH.6
                0x0000000000003c50        0xa C:\Users\v6_20\AppData\Local\arduino\cores\e01feb5e57f163580f9589b263a41343\core.a(analog.cpp.o)
 *fill*         0x0000000000003c5a        0x2 
 .rodata.pin_function
                0x0000000000003c5c       0x6c C:\Users\v6_20\AppData\Local\arduino\cores\e01feb5e57f163580f9589b263a41343\core.a(pinmap.c.o)
 .rodata.pin_map
                0x0000000000003cc8       0x20 C:\Users\v6_20\AppData\Local\arduino\cores\e01feb5e57f163580f9589b263a41343\core.a(pinmap.c.o)
                0x0000000000003cc8                pin_map
 .rodata.pinMode
                0x0000000000003ce8       0x18 C:\Users\v6_20\AppData\Local\arduino\cores\e01feb5e57f163580f9589b263a41343\core.a(wiring_digital.c.o)
 .rodata.__sf_fake_stderr
                0x0000000000003d00       0x20 c:/users/v6_20/appdata/local/arduino15/packages/uiap/tools/riscv-none-embed-gcc/8.2.0/bin/../lib/gcc/riscv-none-embed/8.2.0/../../../../riscv-none-embed/lib/rv32ecxw/ilp32e\libc_nano.a(lib_a-findfp.o)
                0x0000000000003d00                __sf_fake_stderr
 .rodata.__sf_fake_stdin
                0x0000000000003d20       0x20 c:/users/v6_20/appdata/local/arduino15/packages/uiap/tools/riscv-none-embed-gcc/8.2.0/bin/../lib/gcc/riscv-none-embed/8.2.0/../../../../riscv-none-embed/lib/rv32ecxw/ilp32e\libc_nano.a(lib_a-findfp.o)
                0x0000000000003d20                __sf_fake_stdin
 .rodata.__sf_fake_stdout
                0x0000000000003d40       0x20 c:/users/v6_20/appdata/local/arduino15/packages/uiap/tools/riscv-none-embed-gcc/8.2.0/bin/../lib/gcc/riscv-none-embed/8.2.0/../../../../riscv-none-embed/lib/rv32ecxw/ilp32e\libc_nano.a(lib_a-findfp.o)
                0x0000000000003d40                __sf_fake_stdout
 .rodata.__clz_tab
                0x0000000000003d60      0x100 c:/users/v6_20/appdata/local/arduino15/packages/uiap/tools/riscv-none-embed-gcc/8.2.0/bin/../lib/gcc/riscv-none-embed/8.2.0/rv32ecxw/ilp32e\libgcc.a(_clz.o)
                0x0000000000003d60                __clz_tab
 *(.gnu.linkonce.t.*)
                0x0000000000003e60                . = ALIGN (0x4)

.rela.dyn       0x0000000000003e60        0x0
 .rela.text.setup
                0x0000000000003e60        0x0 C:\Users\v6_20\AppData\Local\arduino\sketches\7BDB694DF84888995F8393485F5CFA4B\sketch\UIAPduino_Simple_Oscilloscope.ino.cpp.o
 .rela.text.loop
                0x0000000000003e60        0x0 C:\Users\v6_20\AppData\Local\arduino\sketches\7BDB694DF84888995F8393485F5CFA4B\sketch\UIAPduino_Simple_Oscilloscope.ino.cpp.o
 .rela.text._ZN7TwoWireC2Ev
                0x0000000000003e60        0x0 C:\Users\v6_20\AppData\Local\arduino\sketches\7BDB694DF84888995F8393485F5CFA4B\sketch\UIAPduino_Simple_Oscilloscope.ino.cpp.o
 .rela.text._ZN7TwoWire15endTransmissionEh
                0x0000000000003e60        0x0 C:\Users\v6_20\AppData\Local\arduino\sketches\7BDB694DF84888995F8393485F5CFA4B\sketch\UIAPduino_Simple_Oscilloscope.ino.cpp.o
 .rela.text._ZN7TwoWire5flushEv
                0x0000000000003e60        0x0 C:\Users\v6_20\AppData\Local\arduino\sketches\7BDB694DF84888995F8393485F5CFA4B\sketch\UIAPduino_Simple_Oscilloscope.ino.cpp.o
 .rela.text._ZN7TwoWire10recoverBusEv
                0x0000000000003e60        0x0 C:\Users\v6_20\AppData\Local\arduino\sketches\7BDB694DF84888995F8393485F5CFA4B\sketch\UIAPduino_Simple_Oscilloscope.ino.cpp.o
 .rela.text.exit._GLOBAL__sub_D__ZN7TwoWireC2Ev
                0x0000000000003e60        0x0 C:\Users\v6_20\AppData\Local\arduino\sketches\7BDB694DF84888995F8393485F5CFA4B\sketch\UIAPduino_Simple_Oscilloscope.ino.cpp.o
 .rela.rodata._ZTV7TwoWire
                0x0000000000003e60        0x0 C:\Users\v6_20\AppData\Local\arduino\sketches\7BDB694DF84888995F8393485F5CFA4B\sketch\UIAPduino_Simple_Oscilloscope.ino.cpp.o
 .rela.text.i2c_custom_init
                0x0000000000003e60        0x0 C:\Users\v6_20\AppData\Local\arduino\sketches\7BDB694DF84888995F8393485F5CFA4B\sketch\UIAPduino_Simple_Oscilloscope.ino.cpp.o
 .rela.text.i2c_master_write
                0x0000000000003e60        0x0 C:\Users\v6_20\AppData\Local\arduino\sketches\7BDB694DF84888995F8393485F5CFA4B\sketch\UIAPduino_Simple_Oscilloscope.ino.cpp.o
 .rela.text.i2c_slave_write
                0x0000000000003e60        0x0 C:\Users\v6_20\AppData\Local\arduino\sketches\7BDB694DF84888995F8393485F5CFA4B\sketch\UIAPduino_Simple_Oscilloscope.ino.cpp.o
 .rela.text._ZN14HardwareSerialC2EPv
                0x0000000000003e60        0x0 C:\Users\v6_20\AppData\Local\arduino\sketches\7BDB694DF84888995F8393485F5CFA4B\sketch\UIAPduino_Simple_Oscilloscope.ino.cpp.o
 .rela.rodata._ZTV14HardwareSerial
                0x0000000000003e60        0x0 C:\Users\v6_20\AppData\Local\arduino\sketches\7BDB694DF84888995F8393485F5CFA4B\sketch\UIAPduino_Simple_Oscilloscope.ino.cpp.o
 .rela.text._ZN13HardwareTimerD2Ev
                0x0000000000003e60        0x0 C:\Users\v6_20\AppData\Local\arduino\sketches\7BDB694DF84888995F8393485F5CFA4B\sketch\UIAPduino_Simple_Oscilloscope.ino.cpp.o
 .rela.text._ZN13HardwareTimer14updateCallbackEP17TIM_HandleTypeDef
                0x0000000000003e60        0x0 C:\Users\v6_20\AppData\Local\arduino\sketches\7BDB694DF84888995F8393485F5CFA4B\sketch\UIAPduino_Simple_Oscilloscope.ino.cpp.o
 .rela.text._ZN13HardwareTimer22captureCompareCallbackEP17TIM_HandleTypeDef
                0x0000000000003e60        0x0 C:\Users\v6_20\AppData\Local\arduino\sketches\7BDB694DF84888995F8393485F5CFA4B\sketch\UIAPduino_Simple_Oscilloscope.ino.cpp.o
 .rela.text.get_adc_channel
                0x0000000000003e60        0x0 C:\Users\v6_20\AppData\Local\arduino\sketches\7BDB694DF84888995F8393485F5CFA4B\sketch\UIAPduino_Simple_Oscilloscope.ino.cpp.o
 .rela.text.ADC_Clock_EN
                0x0000000000003e60        0x0 C:\Users\v6_20\AppData\Local\arduino\sketches\7BDB694DF84888995F8393485F5CFA4B\sketch\UIAPduino_Simple_Oscilloscope.ino.cpp.o
 .rela.text.adc_read_value
                0x0000000000003e60        0x0 C:\Users\v6_20\AppData\Local\arduino\sketches\7BDB694DF84888995F8393485F5CFA4B\sketch\UIAPduino_Simple_Oscilloscope.ino.cpp.o
 .rela.text.pwm_stop
                0x0000000000003e60        0x0 C:\Users\v6_20\AppData\Local\arduino\sketches\7BDB694DF84888995F8393485F5CFA4B\sketch\UIAPduino_Simple_Oscilloscope.ino.cpp.o
 .rela.text.getCurrentMillis
                0x0000000000003e60        0x0 C:\Users\v6_20\AppData\Local\arduino\sketches\7BDB694DF84888995F8393485F5CFA4B\sketch\UIAPduino_Simple_Oscilloscope.ino.cpp.o
 .rela.text.SysTick_Handler
                0x0000000000003e60        0x0 C:\Users\v6_20\AppData\Local\arduino\sketches\7BDB694DF84888995F8393485F5CFA4B\sketch\UIAPduino_Simple_Oscilloscope.ino.cpp.o
 .rela.text._sbrk
                0x0000000000003e60        0x0 C:\Users\v6_20\AppData\Local\arduino\sketches\7BDB694DF84888995F8393485F5CFA4B\sketch\UIAPduino_Simple_Oscilloscope.ino.cpp.o
 .rela.sdata.curbrk.4047
                0x0000000000003e60        0x0 C:\Users\v6_20\AppData\Local\arduino\sketches\7BDB694DF84888995F8393485F5CFA4B\sketch\UIAPduino_Simple_Oscilloscope.ino.cpp.o
 .rela.init     0x0000000000003e60        0x0 C:\Users\v6_20\AppData\Local\arduino\sketches\7BDB694DF84888995F8393485F5CFA4B\sketch\UIAPduino_Simple_Oscilloscope.ino.cpp.o
 .rela.text.handle_reset
                0x0000000000003e60        0x0 C:\Users\v6_20\AppData\Local\arduino\sketches\7BDB694DF84888995F8393485F5CFA4B\sketch\UIAPduino_Simple_Oscilloscope.ino.cpp.o
 .rela.text.uart_init.part.0
                0x0000000000003e60        0x0 C:\Users\v6_20\AppData\Local\arduino\sketches\7BDB694DF84888995F8393485F5CFA4B\sketch\UIAPduino_Simple_Oscilloscope.ino.cpp.o
 .rela.text.uart_debug_init
                0x0000000000003e60        0x0 C:\Users\v6_20\AppData\Local\arduino\sketches\7BDB694DF84888995F8393485F5CFA4B\sketch\UIAPduino_Simple_Oscilloscope.ino.cpp.o
 .rela.text.uart_debug_write
                0x0000000000003e60        0x0 C:\Users\v6_20\AppData\Local\arduino\sketches\7BDB694DF84888995F8393485F5CFA4B\sketch\UIAPduino_Simple_Oscilloscope.ino.cpp.o
 .rela.text.startup.main
                0x0000000000003e60        0x0 C:\Users\v6_20\AppData\Local\arduino\sketches\7BDB694DF84888995F8393485F5CFA4B\sketch\UIAPduino_Simple_Oscilloscope.ino.cpp.o
 .rela.text.pinMode
                0x0000000000003e60        0x0 C:\Users\v6_20\AppData\Local\arduino\sketches\7BDB694DF84888995F8393485F5CFA4B\sketch\UIAPduino_Simple_Oscilloscope.ino.cpp.o
 .rela.text.delay
                0x0000000000003e60        0x0 C:\Users\v6_20\AppData\Local\arduino\sketches\7BDB694DF84888995F8393485F5CFA4B\sketch\UIAPduino_Simple_Oscilloscope.ino.cpp.o
 .rela.text.__libc_fini_array
                0x0000000000003e60        0x0 C:\Users\v6_20\AppData\Local\arduino\sketches\7BDB694DF84888995F8393485F5CFA4B\sketch\UIAPduino_Simple_Oscilloscope.ino.cpp.o
 .rela.text.__libc_init_array
                0x0000000000003e60        0x0 C:\Users\v6_20\AppData\Local\arduino\sketches\7BDB694DF84888995F8393485F5CFA4B\sketch\UIAPduino_Simple_Oscilloscope.ino.cpp.o
 .rela.text._sbrk_r
                0x0000000000003e60        0x0 C:\Users\v6_20\AppData\Local\arduino\sketches\7BDB694DF84888995F8393485F5CFA4B\sketch\UIAPduino_Simple_Oscilloscope.ino.cpp.o
 .rela.text._kill_r
                0x0000000000003e60        0x0 C:\Users\v6_20\AppData\Local\arduino\sketches\7BDB694DF84888995F8393485F5CFA4B\sketch\UIAPduino_Simple_Oscilloscope.ino.cpp.o
 .rela.text.__register_exitproc
                0x0000000000003e60        0x0 C:\Users\v6_20\AppData\Local\arduino\sketches\7BDB694DF84888995F8393485F5CFA4B\sketch\UIAPduino_Simple_Oscilloscope.ino.cpp.o
 .rela.text.startup.register_fini
                0x0000000000003e60        0x0 C:\Users\v6_20\AppData\Local\arduino\sketches\7BDB694DF84888995F8393485F5CFA4B\sketch\UIAPduino_Simple_Oscilloscope.ino.cpp.o
 .rela.text._getpid
                0x0000000000003e60        0x0 C:\Users\v6_20\AppData\Local\arduino\sketches\7BDB694DF84888995F8393485F5CFA4B\sketch\UIAPduino_Simple_Oscilloscope.ino.cpp.o
 .rela.text._kill
                0x0000000000003e60        0x0 C:\Users\v6_20\AppData\Local\arduino\sketches\7BDB694DF84888995F8393485F5CFA4B\sketch\UIAPduino_Simple_Oscilloscope.ino.cpp.o

.fini           0x0000000000003e60        0x0
 *(SORT_NONE(.fini))
                0x0000000000003e60                . = ALIGN (0x4)
                [!provide]                        PROVIDE (_etext = .)
                [!provide]                        PROVIDE (_eitcm = .)

.preinit_array  0x0000000000003e60        0x0
                0x0000000000003e60                PROVIDE (__preinit_array_start = .)
 *(.preinit_array)
                0x0000000000003e60                PROVIDE (__preinit_array_end = .)

.init_array     0x0000000000003e60        0xc
                0x0000000000003e60                PROVIDE (__init_array_start = .)
 *(SORT_BY_INIT_PRIORITY(.init_array.*) SORT_BY_INIT_PRIORITY(.ctors.*))
 .init_array.00000
                0x0000000000003e60        0x4 c:/users/v6_20/appdata/local/arduino15/packages/uiap/tools/riscv-none-embed-gcc/8.2.0/bin/../lib/gcc/riscv-none-embed/8.2.0/../../../../riscv-none-embed/lib/rv32ecxw/ilp32e\libc_nano.a(lib_a-__call_atexit.o)
 *(.init_array EXCLUDE_FILE(*crtend?.o *crtend.o *crtbegin?.o *crtbegin.o) .ctors)
 .init_array    0x0000000000003e64        0x4 C:\Users\v6_20\AppData\Local\arduino\sketches\7BDB694DF84888995F8393485F5CFA4B\libraries\Wire\Wire.cpp.o
 .init_array    0x0000000000003e68        0x4 C:\Users\v6_20\AppData\Local\arduino\cores\e01feb5e57f163580f9589b263a41343\core.a(HardwareSerial.cpp.o)
                0x0000000000003e6c                PROVIDE (__init_array_end = .)

.fini_array     0x0000000000003e6c        0x4
                0x0000000000003e6c                PROVIDE (__fini_array_start = .)
 *(SORT_BY_INIT_PRIORITY(.fini_array.*) SORT_BY_INIT_PRIORITY(.dtors.*))
 *(.fini_array EXCLUDE_FILE(*crtend?.o *crtend.o *crtbegin?.o *crtbegin.o) .dtors)
 .fini_array    0x0000000000003e6c        0x4 C:\Users\v6_20\AppData\Local\arduino\sketches\7BDB694DF84888995F8393485F5CFA4B\libraries\Wire\Wire.cpp.o
                0x0000000000003e70                PROVIDE (__fini_array_end = .)

.ctors
 *crtbegin.o(.ctors)
 *crtbegin?.o(.ctors)
 *(EXCLUDE_FILE(*crtend?.o *crtend.o) .ctors)
 *(SORT_BY_NAME(.ctors.*))
 *(.ctors)

.dtors
 *crtbegin.o(.dtors)
 *crtbegin?.o(.dtors)
 *(EXCLUDE_FILE(*crtend?.o *crtend.o) .dtors)
 *(SORT_BY_NAME(.dtors.*))
 *(.dtors)

.dalign         0x0000000020000000        0x0 load address 0x0000000000003e70
                0x0000000020000000                . = ALIGN (0x4)
                0x0000000020000000                PROVIDE (_data_vma = .)

.dlalign        0x0000000000003e70        0x0
                0x0000000000003e70                . = ALIGN (0x4)
                0x0000000000003e70                PROVIDE (_data_lma = .)

.data           0x0000000020000000      0x148 load address 0x0000000000003e70
                0x0000000020000000                . = ALIGN (0x4)
 *(.gnu.linkonce.r.*)
 *(.data .data.*)
 .data.GPIOPort
                0x0000000020000000        0xc C:\Users\v6_20\AppData\Local\arduino\cores\e01feb5e57f163580f9589b263a41343\core.a(PortNames.c.o)
                0x0000000020000000                GPIOPort
 .data._ZL13gpio_irq_conf
                0x000000002000000c       0x40 C:\Users\v6_20\AppData\Local\arduino\cores\e01feb5e57f163580f9589b263a41343\core.a(interrupt.cpp.o)
 .data.ADCPrescTable
                0x000000002000004c       0x14 C:\Users\v6_20\AppData\Local\arduino\cores\e01feb5e57f163580f9589b263a41343\core.a(ch32yyxx_rcc.c.o)
 .data.APBAHBPrescTable
                0x0000000020000060       0x10 C:\Users\v6_20\AppData\Local\arduino\cores\e01feb5e57f163580f9589b263a41343\core.a(ch32yyxx_rcc.c.o)
 .data.serial_debug
                0x0000000020000070       0x30 C:\Users\v6_20\AppData\Local\arduino\cores\e01feb5e57f163580f9589b263a41343\core.a(uart.c.o)
 .data.impure_data
                0x00000000200000a0       0x60 c:/users/v6_20/appdata/local/arduino15/packages/uiap/tools/riscv-none-embed-gcc/8.2.0/bin/../lib/gcc/riscv-none-embed/8.2.0/../../../../riscv-none-embed/lib/rv32ecxw/ilp32e\libc_nano.a(lib_a-impure.o)
 *(.gnu.linkonce.d.*)
                0x0000000020000100                . = ALIGN (0x8)
                0x0000000020000900                PROVIDE (__global_pointer$ = (. + 0x800))
 *(.sdata .sdata.*)
 .sdata.center_val
                0x0000000020000100        0x4 C:\Users\v6_20\AppData\Local\arduino\sketches\7BDB694DF84888995F8393485F5CFA4B\sketch\UIAPduino_Simple_Oscilloscope.ino.cpp.o
                0x0000000020000100                center_val
 .sdata.prev_sw1
                0x0000000020000104        0x1 C:\Users\v6_20\AppData\Local\arduino\sketches\7BDB694DF84888995F8393485F5CFA4B\sketch\UIAPduino_Simple_Oscilloscope.ino.cpp.o
                0x0000000020000104                prev_sw1
 .sdata.prev_sw2
                0x0000000020000105        0x1 C:\Users\v6_20\AppData\Local\arduino\sketches\7BDB694DF84888995F8393485F5CFA4B\sketch\UIAPduino_Simple_Oscilloscope.ino.cpp.o
                0x0000000020000105                prev_sw2
 .sdata.prev_sw3
                0x0000000020000106        0x1 C:\Users\v6_20\AppData\Local\arduino\sketches\7BDB694DF84888995F8393485F5CFA4B\sketch\UIAPduino_Simple_Oscilloscope.ino.cpp.o
                0x0000000020000106                prev_sw3
 *fill*         0x0000000020000107        0x1 
 .sdata.stored_ref_val
                0x0000000020000108        0x4 C:\Users\v6_20\AppData\Local\arduino\sketches\7BDB694DF84888995F8393485F5CFA4B\sketch\UIAPduino_Simple_Oscilloscope.ino.cpp.o
                0x0000000020000108                stored_ref_val
 .sdata.trig_edge
                0x000000002000010c        0x1 C:\Users\v6_20\AppData\Local\arduino\sketches\7BDB694DF84888995F8393485F5CFA4B\sketch\UIAPduino_Simple_Oscilloscope.ino.cpp.o
                0x000000002000010c                trig_edge
 *fill*         0x000000002000010d        0x3 
 .sdata.wave_center
                0x0000000020000110        0x4 C:\Users\v6_20\AppData\Local\arduino\sketches\7BDB694DF84888995F8393485F5CFA4B\sketch\UIAPduino_Simple_Oscilloscope.ino.cpp.o
                0x0000000020000110                wave_center
 .sdata._nCounterER1.4656
                0x0000000020000114        0x4 C:\Users\v6_20\AppData\Local\arduino\sketches\7BDB694DF84888995F8393485F5CFA4B\libraries\Wire\utility\twi.c.o
 .sdata._nCounterEV1.4650
                0x0000000020000118        0x4 C:\Users\v6_20\AppData\Local\arduino\sketches\7BDB694DF84888995F8393485F5CFA4B\libraries\Wire\utility\twi.c.o
 .sdata._ZL13g_current_pin
                0x000000002000011c        0x4 C:\Users\v6_20\AppData\Local\arduino\cores\e01feb5e57f163580f9589b263a41343\core.a(analog.cpp.o)
 .sdata.curbrk.4047
                0x0000000020000120        0x4 C:\Users\v6_20\AppData\Local\arduino\cores\e01feb5e57f163580f9589b263a41343\core.a(ch32yyxx_debug.c.o)
 .sdata.SystemCoreClock
                0x0000000020000124        0x4 C:\Users\v6_20\AppData\Local\arduino\cores\e01feb5e57f163580f9589b263a41343\core.a(system_ch32yyxx.c.o)
                0x0000000020000124                SystemCoreClock
 .sdata._internalReadResolution
                0x0000000020000128        0x4 C:\Users\v6_20\AppData\Local\arduino\cores\e01feb5e57f163580f9589b263a41343\core.a(wiring_analog.c.o)
 .sdata._readResolution
                0x000000002000012c        0x4 C:\Users\v6_20\AppData\Local\arduino\cores\e01feb5e57f163580f9589b263a41343\core.a(wiring_analog.c.o)
 .sdata._impure_ptr
                0x0000000020000130        0x4 c:/users/v6_20/appdata/local/arduino15/packages/uiap/tools/riscv-none-embed-gcc/8.2.0/bin/../lib/gcc/riscv-none-embed/8.2.0/../../../../riscv-none-embed/lib/rv32ecxw/ilp32e\libc_nano.a(lib_a-impure.o)
                0x0000000020000130                _impure_ptr
 *(.sdata2*)
 .sdata2._ZL7acdcStr
                0x0000000020000134        0x8 C:\Users\v6_20\AppData\Local\arduino\sketches\7BDB694DF84888995F8393485F5CFA4B\sketch\UIAPduino_Simple_Oscilloscope.ino.cpp.o
 .sdata2._ZL7trigStr
                0x000000002000013c        0x8 C:\Users\v6_20\AppData\Local\arduino\sketches\7BDB694DF84888995F8393485F5CFA4B\sketch\UIAPduino_Simple_Oscilloscope.ino.cpp.o
 .sdata2.CSWTCH.78
                0x0000000020000144        0x4 C:\Users\v6_20\AppData\Local\arduino\sketches\7BDB694DF84888995F8393485F5CFA4B\libraries\Wire\Wire.cpp.o
 *(.gnu.linkonce.s.*)
                0x0000000020000148                . = ALIGN (0x8)
 *(.srodata.cst16)
 *(.srodata.cst8)
 *(.srodata.cst4)
 *(.srodata.cst2)
 *(.srodata .srodata.*)
                0x0000000020000148                . = ALIGN (0x4)
                0x0000000020000148                PROVIDE (_edata = .)

.bss            0x0000000020000148      0x1c8 load address 0x0000000000003fb8
                0x0000000020000148                . = ALIGN (0x4)
                0x0000000020000148                PROVIDE (_sbss = .)
 *(.sbss*)
 .sbss.is_dc_mode
                0x0000000020000148        0x1 C:\Users\v6_20\AppData\Local\arduino\sketches\7BDB694DF84888995F8393485F5CFA4B\sketch\UIAPduino_Simple_Oscilloscope.ino.cpp.o
                0x0000000020000148                is_dc_mode
 .sbss.is_long_press
                0x0000000020000149        0x1 C:\Users\v6_20\AppData\Local\arduino\sketches\7BDB694DF84888995F8393485F5CFA4B\sketch\UIAPduino_Simple_Oscilloscope.ino.cpp.o
                0x0000000020000149                is_long_press
 .sbss.scale_mode
                0x000000002000014a        0x1 C:\Users\v6_20\AppData\Local\arduino\sketches\7BDB694DF84888995F8393485F5CFA4B\sketch\UIAPduino_Simple_Oscilloscope.ino.cpp.o
                0x000000002000014a                scale_mode
 *fill*         0x000000002000014b        0x1 
 .sbss.sw_press_time
                0x000000002000014c        0x4 C:\Users\v6_20\AppData\Local\arduino\sketches\7BDB694DF84888995F8393485F5CFA4B\sketch\UIAPduino_Simple_Oscilloscope.ino.cpp.o
                0x000000002000014c                sw_press_time
 .sbss.time_mode
                0x0000000020000150        0x1 C:\Users\v6_20\AppData\Local\arduino\sketches\7BDB694DF84888995F8393485F5CFA4B\sketch\UIAPduino_Simple_Oscilloscope.ino.cpp.o
                0x0000000020000150                time_mode
 *fill*         0x0000000020000151        0x3 
 .sbss.trig_offset
                0x0000000020000154        0x4 C:\Users\v6_20\AppData\Local\arduino\sketches\7BDB694DF84888995F8393485F5CFA4B\sketch\UIAPduino_Simple_Oscilloscope.ino.cpp.o
                0x0000000020000154                trig_offset
 .sbss.ui_mode  0x0000000020000158        0x1 C:\Users\v6_20\AppData\Local\arduino\sketches\7BDB694DF84888995F8393485F5CFA4B\sketch\UIAPduino_Simple_Oscilloscope.ino.cpp.o
                0x0000000020000158                ui_mode
 *fill*         0x0000000020000159        0x3 
 .sbss.i2c_handles
                0x000000002000015c        0x4 C:\Users\v6_20\AppData\Local\arduino\sketches\7BDB694DF84888995F8393485F5CFA4B\libraries\Wire\utility\twi.c.o
 .sbss.HardwareTimer_Handle
                0x0000000020000160        0x8 C:\Users\v6_20\AppData\Local\arduino\cores\e01feb5e57f163580f9589b263a41343\core.a(HardwareTimer.cpp.o)
                0x0000000020000160                HardwareTimer_Handle
 .sbss.msTick   0x0000000020000168        0x8 C:\Users\v6_20\AppData\Local\arduino\cores\e01feb5e57f163580f9589b263a41343\core.a(clock.c.o)
                0x0000000020000168                msTick
 .sbss.uart_handlers
                0x0000000020000170        0x4 C:\Users\v6_20\AppData\Local\arduino\cores\e01feb5e57f163580f9589b263a41343\core.a(uart.c.o)
 .sbss._ZN12_GLOBAL__N_113__new_handlerE
                0x0000000020000174        0x4 c:/users/v6_20/appdata/local/arduino15/packages/uiap/tools/riscv-none-embed-gcc/8.2.0/bin/../lib/gcc/riscv-none-embed/8.2.0/../../../../riscv-none-embed/lib/rv32ecxw/ilp32e\libstdc++_nano.a(new_handler.o)
 .sbss.__malloc_free_list
                0x0000000020000178        0x4 c:/users/v6_20/appdata/local/arduino15/packages/uiap/tools/riscv-none-embed-gcc/8.2.0/bin/../lib/gcc/riscv-none-embed/8.2.0/../../../../riscv-none-embed/lib/rv32ecxw/ilp32e\libc_nano.a(lib_a-nano-mallocr.o)
                0x0000000020000178                __malloc_free_list
 .sbss.__malloc_sbrk_start
                0x000000002000017c        0x4 c:/users/v6_20/appdata/local/arduino15/packages/uiap/tools/riscv-none-embed-gcc/8.2.0/bin/../lib/gcc/riscv-none-embed/8.2.0/../../../../riscv-none-embed/lib/rv32ecxw/ilp32e\libc_nano.a(lib_a-nano-mallocr.o)
                0x000000002000017c                __malloc_sbrk_start
 .sbss._global_atexit
                0x0000000020000180        0x4 c:/users/v6_20/appdata/local/arduino15/packages/uiap/tools/riscv-none-embed-gcc/8.2.0/bin/../lib/gcc/riscv-none-embed/8.2.0/../../../../riscv-none-embed/lib/rv32ecxw/ilp32e\libc_nano.a(lib_a-__call_atexit.o)
                0x0000000020000180                _global_atexit
 *(.gnu.linkonce.sb.*)
 *(.bss*)
 .bss.Wire      0x0000000020000184       0xa8 C:\Users\v6_20\AppData\Local\arduino\sketches\7BDB694DF84888995F8393485F5CFA4B\libraries\Wire\Wire.cpp.o
                0x0000000020000184                Wire
 .bss.Serial1   0x000000002000022c       0x48 C:\Users\v6_20\AppData\Local\arduino\cores\e01feb5e57f163580f9589b263a41343\core.a(HardwareSerial.cpp.o)
                0x000000002000022c                Serial1
 .bss.g_anOutputPinConfigured
                0x0000000020000274        0xc C:\Users\v6_20\AppData\Local\arduino\cores\e01feb5e57f163580f9589b263a41343\core.a(wiring_analog.c.o)
                0x0000000020000274                g_anOutputPinConfigured
 .bss._global_atexit0
                0x0000000020000280       0x8c c:/users/v6_20/appdata/local/arduino15/packages/uiap/tools/riscv-none-embed-gcc/8.2.0/bin/../lib/gcc/riscv-none-embed/8.2.0/../../../../riscv-none-embed/lib/rv32ecxw/ilp32e\libc_nano.a(lib_a-__atexit.o)
 *(.gnu.linkonce.b.*)
 *(COMMON*)
 COMMON         0x000000002000030c        0x4 c:/users/v6_20/appdata/local/arduino15/packages/uiap/tools/riscv-none-embed-gcc/8.2.0/bin/../lib/gcc/riscv-none-embed/8.2.0/../../../../riscv-none-embed/lib/rv32ecxw/ilp32e\libc_nano.a(lib_a-reent.o)
                0x000000002000030c                errno
                0x0000000020000310                . = ALIGN (0x4)
                0x0000000020000310                PROVIDE (_ebss = .)
                0x0000000020000310                PROVIDE (_end = _ebss)
                [!provide]                        PROVIDE (end = .)

.stack          0x0000000020000640      0x1c0
                0x0000000020000640                PROVIDE (_heap_end = .)
                0x0000000020000640                . = ALIGN (0x4)
                [!provide]                        PROVIDE (_susrstack = .)
                0x0000000020000800                . = (. + __stack_size)
 *fill*         0x0000000020000640      0x1c0 
                0x0000000020000800                PROVIDE (_eusrstack = .)
OUTPUT(C:\Users\v6_20\AppData\Local\arduino\sketches\7BDB694DF84888995F8393485F5CFA4B/UIAPduino_Simple_Oscilloscope.ino.elf elf32-littleriscv)

.comment        0x0000000000000000       0x33
 .comment       0x0000000000000000       0x33 C:\Users\v6_20\AppData\Local\arduino\sketches\7BDB694DF84888995F8393485F5CFA4B\sketch\UIAPduino_Simple_Oscilloscope.ino.cpp.o
                                         0x34 (size before relaxing)
 .comment       0x0000000000000033       0x34 C:\Users\v6_20\AppData\Local\arduino\sketches\7BDB694DF84888995F8393485F5CFA4B\libraries\Wire\Wire.cpp.o
 .comment       0x0000000000000033       0x34 C:\Users\v6_20\AppData\Local\arduino\sketches\7BDB694DF84888995F8393485F5CFA4B\libraries\Wire\utility\twi.c.o
 .comment       0x0000000000000033       0x34 C:\Users\v6_20\AppData\Local\arduino\sketches\7BDB694DF84888995F8393485F5CFA4B\core\PeripheralPins.c.o
 .comment       0x0000000000000033       0x34 C:\Users\v6_20\AppData\Local\arduino\sketches\7BDB694DF84888995F8393485F5CFA4B\core\variant_CH32V003F4.cpp.o
 .comment       0x0000000000000033       0x34 C:\Users\v6_20\AppData\Local\arduino\cores\e01feb5e57f163580f9589b263a41343\core.a(HardwareSerial.cpp.o)
 .comment       0x0000000000000033       0x34 C:\Users\v6_20\AppData\Local\arduino\cores\e01feb5e57f163580f9589b263a41343\core.a(HardwareTimer.cpp.o)
 .comment       0x0000000000000033       0x34 C:\Users\v6_20\AppData\Local\arduino\cores\e01feb5e57f163580f9589b263a41343\core.a(Stream.cpp.o)
 .comment       0x0000000000000033       0x34 C:\Users\v6_20\AppData\Local\arduino\cores\e01feb5e57f163580f9589b263a41343\core.a(board.c.o)
 .comment       0x0000000000000033       0x34 C:\Users\v6_20\AppData\Local\arduino\cores\e01feb5e57f163580f9589b263a41343\core.a(PortNames.c.o)
 .comment       0x0000000000000033       0x34 C:\Users\v6_20\AppData\Local\arduino\cores\e01feb5e57f163580f9589b263a41343\core.a(analog.cpp.o)
 .comment       0x0000000000000033       0x34 C:\Users\v6_20\AppData\Local\arduino\cores\e01feb5e57f163580f9589b263a41343\core.a(clock.c.o)
 .comment       0x0000000000000033       0x34 C:\Users\v6_20\AppData\Local\arduino\cores\e01feb5e57f163580f9589b263a41343\core.a(hw_config.c.o)
 .comment       0x0000000000000033       0x34 C:\Users\v6_20\AppData\Local\arduino\cores\e01feb5e57f163580f9589b263a41343\core.a(interrupt.cpp.o)
 .comment       0x0000000000000033       0x34 C:\Users\v6_20\AppData\Local\arduino\cores\e01feb5e57f163580f9589b263a41343\core.a(ch32yyxx_adc.c.o)
 .comment       0x0000000000000033       0x34 C:\Users\v6_20\AppData\Local\arduino\cores\e01feb5e57f163580f9589b263a41343\core.a(ch32yyxx_debug.c.o)
 .comment       0x0000000000000033       0x34 C:\Users\v6_20\AppData\Local\arduino\cores\e01feb5e57f163580f9589b263a41343\core.a(ch32yyxx_exti.c.o)
 .comment       0x0000000000000033       0x34 C:\Users\v6_20\AppData\Local\arduino\cores\e01feb5e57f163580f9589b263a41343\core.a(ch32yyxx_gpio.c.o)
 .comment       0x0000000000000033       0x34 C:\Users\v6_20\AppData\Local\arduino\cores\e01feb5e57f163580f9589b263a41343\core.a(ch32yyxx_i2c.c.o)
 .comment       0x0000000000000033       0x34 C:\Users\v6_20\AppData\Local\arduino\cores\e01feb5e57f163580f9589b263a41343\core.a(ch32yyxx_it.c.o)
 .comment       0x0000000000000033       0x34 C:\Users\v6_20\AppData\Local\arduino\cores\e01feb5e57f163580f9589b263a41343\core.a(ch32yyxx_rcc.c.o)
 .comment       0x0000000000000033       0x34 C:\Users\v6_20\AppData\Local\arduino\cores\e01feb5e57f163580f9589b263a41343\core.a(ch32yyxx_tim.c.o)
 .comment       0x0000000000000033       0x34 C:\Users\v6_20\AppData\Local\arduino\cores\e01feb5e57f163580f9589b263a41343\core.a(ch32yyxx_usart.c.o)
 .comment       0x0000000000000033       0x34 C:\Users\v6_20\AppData\Local\arduino\cores\e01feb5e57f163580f9589b263a41343\core.a(system_ch32yyxx.c.o)
 .comment       0x0000000000000033       0x34 C:\Users\v6_20\AppData\Local\arduino\cores\e01feb5e57f163580f9589b263a41343\core.a(pinmap.c.o)
 .comment       0x0000000000000033       0x34 C:\Users\v6_20\AppData\Local\arduino\cores\e01feb5e57f163580f9589b263a41343\core.a(timer.c.o)
 .comment       0x0000000000000033       0x34 C:\Users\v6_20\AppData\Local\arduino\cores\e01feb5e57f163580f9589b263a41343\core.a(uart.c.o)
 .comment       0x0000000000000033       0x34 C:\Users\v6_20\AppData\Local\arduino\cores\e01feb5e57f163580f9589b263a41343\core.a(hooks.c.o)
 .comment       0x0000000000000033       0x34 C:\Users\v6_20\AppData\Local\arduino\cores\e01feb5e57f163580f9589b263a41343\core.a(main.cpp.o)
 .comment       0x0000000000000033       0x34 C:\Users\v6_20\AppData\Local\arduino\cores\e01feb5e57f163580f9589b263a41343\core.a(pins_arduino.cpp.o)
 .comment       0x0000000000000033       0x34 C:\Users\v6_20\AppData\Local\arduino\cores\e01feb5e57f163580f9589b263a41343\core.a(wiring_analog.c.o)
 .comment       0x0000000000000033       0x34 C:\Users\v6_20\AppData\Local\arduino\cores\e01feb5e57f163580f9589b263a41343\core.a(wiring_digital.c.o)
 .comment       0x0000000000000033       0x34 C:\Users\v6_20\AppData\Local\arduino\cores\e01feb5e57f163580f9589b263a41343\core.a(wiring_time.c.o)

.debug_frame    0x0000000000000000      0x634
 .debug_frame   0x0000000000000000       0x28 c:/users/v6_20/appdata/local/arduino15/packages/uiap/tools/riscv-none-embed-gcc/8.2.0/bin/../lib/gcc/riscv-none-embed/8.2.0/../../../../riscv-none-embed/lib/rv32ecxw/ilp32e\libc_nano.a(lib_a-abort.o)
 .debug_frame   0x0000000000000028       0x20 c:/users/v6_20/appdata/local/arduino15/packages/uiap/tools/riscv-none-embed-gcc/8.2.0/bin/../lib/gcc/riscv-none-embed/8.2.0/../../../../riscv-none-embed/lib/rv32ecxw/ilp32e\libc_nano.a(lib_a-atexit.o)
 .debug_frame   0x0000000000000048       0x38 c:/users/v6_20/appdata/local/arduino15/packages/uiap/tools/riscv-none-embed-gcc/8.2.0/bin/../lib/gcc/riscv-none-embed/8.2.0/../../../../riscv-none-embed/lib/rv32ecxw/ilp32e\libc_nano.a(lib_a-fini.o)
 .debug_frame   0x0000000000000080       0x38 c:/users/v6_20/appdata/local/arduino15/packages/uiap/tools/riscv-none-embed-gcc/8.2.0/bin/../lib/gcc/riscv-none-embed/8.2.0/../../../../riscv-none-embed/lib/rv32ecxw/ilp32e\libc_nano.a(lib_a-init.o)
 .debug_frame   0x00000000000000b8       0x30 c:/users/v6_20/appdata/local/arduino15/packages/uiap/tools/riscv-none-embed-gcc/8.2.0/bin/../lib/gcc/riscv-none-embed/8.2.0/../../../../riscv-none-embed/lib/rv32ecxw/ilp32e\libc_nano.a(lib_a-malloc.o)
 .debug_frame   0x00000000000000e8       0x38 c:/users/v6_20/appdata/local/arduino15/packages/uiap/tools/riscv-none-embed-gcc/8.2.0/bin/../lib/gcc/riscv-none-embed/8.2.0/../../../../riscv-none-embed/lib/rv32ecxw/ilp32e\libc_nano.a(lib_a-memcpy.o)
 .debug_frame   0x0000000000000120       0x40 c:/users/v6_20/appdata/local/arduino15/packages/uiap/tools/riscv-none-embed-gcc/8.2.0/bin/../lib/gcc/riscv-none-embed/8.2.0/../../../../riscv-none-embed/lib/rv32ecxw/ilp32e\libc_nano.a(lib_a-nano-freer.o)
 .debug_frame   0x0000000000000160       0x38 c:/users/v6_20/appdata/local/arduino15/packages/uiap/tools/riscv-none-embed-gcc/8.2.0/bin/../lib/gcc/riscv-none-embed/8.2.0/../../../../riscv-none-embed/lib/rv32ecxw/ilp32e\libc_nano.a(lib_a-nano-mallocr.o)
 .debug_frame   0x0000000000000198       0x20 c:/users/v6_20/appdata/local/arduino15/packages/uiap/tools/riscv-none-embed-gcc/8.2.0/bin/../lib/gcc/riscv-none-embed/8.2.0/../../../../riscv-none-embed/lib/rv32ecxw/ilp32e\libc_nano.a(lib_a-realloc.o)
 .debug_frame   0x00000000000001b8       0x30 c:/users/v6_20/appdata/local/arduino15/packages/uiap/tools/riscv-none-embed-gcc/8.2.0/bin/../lib/gcc/riscv-none-embed/8.2.0/../../../../riscv-none-embed/lib/rv32ecxw/ilp32e\libc_nano.a(lib_a-sbrkr.o)
 .debug_frame   0x00000000000001e8       0xe8 c:/users/v6_20/appdata/local/arduino15/packages/uiap/tools/riscv-none-embed-gcc/8.2.0/bin/../lib/gcc/riscv-none-embed/8.2.0/../../../../riscv-none-embed/lib/rv32ecxw/ilp32e\libc_nano.a(lib_a-signal.o)
 .debug_frame   0x00000000000002d0       0x40 c:/users/v6_20/appdata/local/arduino15/packages/uiap/tools/riscv-none-embed-gcc/8.2.0/bin/../lib/gcc/riscv-none-embed/8.2.0/../../../../riscv-none-embed/lib/rv32ecxw/ilp32e\libc_nano.a(lib_a-signalr.o)
 .debug_frame   0x0000000000000310       0x20 c:/users/v6_20/appdata/local/arduino15/packages/uiap/tools/riscv-none-embed-gcc/8.2.0/bin/../lib/gcc/riscv-none-embed/8.2.0/../../../../riscv-none-embed/lib/rv32ecxw/ilp32e\libc_nano.a(lib_a-__atexit.o)
 .debug_frame   0x0000000000000330       0x48 c:/users/v6_20/appdata/local/arduino15/packages/uiap/tools/riscv-none-embed-gcc/8.2.0/bin/../lib/gcc/riscv-none-embed/8.2.0/../../../../riscv-none-embed/lib/rv32ecxw/ilp32e\libc_nano.a(lib_a-__call_atexit.o)
 .debug_frame   0x0000000000000378      0x13c c:/users/v6_20/appdata/local/arduino15/packages/uiap/tools/riscv-none-embed-gcc/8.2.0/bin/../lib/gcc/riscv-none-embed/8.2.0/../../../../riscv-none-embed/lib/rv32ecxw/ilp32e\libc_nano.a(lib_a-findfp.o)
 .debug_frame   0x00000000000004b4       0x30 c:/users/v6_20/appdata/local/arduino15/packages/uiap/tools/riscv-none-embed-gcc/8.2.0/bin/../lib/gcc/riscv-none-embed/8.2.0/../../../../riscv-none-embed/lib/rv32ecxw/ilp32e\libc_nano.a(lib_a-mlock.o)
 .debug_frame   0x00000000000004e4       0x38 c:/users/v6_20/appdata/local/arduino15/packages/uiap/tools/riscv-none-embed-gcc/8.2.0/bin/../lib/gcc/riscv-none-embed/8.2.0/../../../../riscv-none-embed/lib/rv32ecxw/ilp32e\libc_nano.a(lib_a-nano-reallocr.o)
 .debug_frame   0x000000000000051c       0x64 c:/users/v6_20/appdata/local/arduino15/packages/uiap/tools/riscv-none-embed-gcc/8.2.0/bin/../lib/gcc/riscv-none-embed/8.2.0/../../../../riscv-none-embed/lib/rv32ecxw/ilp32e\libc_nano.a(lib_a-reent.o)
 .debug_frame   0x0000000000000580       0x20 c:/users/v6_20/appdata/local/arduino15/packages/uiap/tools/riscv-none-embed-gcc/8.2.0/bin/../lib/gcc/riscv-none-embed/8.2.0/../../../../riscv-none-embed/lib/rv32ecxw/ilp32e\libc_nano.a(lib_a-nano-msizer.o)
 .debug_frame   0x00000000000005a0       0x34 c:/users/v6_20/appdata/local/arduino15/packages/uiap/tools/riscv-none-embed-gcc/8.2.0/bin/../lib/gcc/riscv-none-embed/8.2.0/rv32ecxw/ilp32e\libgcc.a(multi3.o)
 .debug_frame   0x00000000000005d4       0x20 c:/users/v6_20/appdata/local/arduino15/packages/uiap/tools/riscv-none-embed-gcc/8.2.0/bin/../lib/gcc/riscv-none-embed/8.2.0/../../../../riscv-none-embed/lib/rv32ecxw/ilp32e\libnosys.a(getpid.o)
 .debug_frame   0x00000000000005f4       0x20 c:/users/v6_20/appdata/local/arduino15/packages/uiap/tools/riscv-none-embed-gcc/8.2.0/bin/../lib/gcc/riscv-none-embed/8.2.0/../../../../riscv-none-embed/lib/rv32ecxw/ilp32e\libnosys.a(kill.o)
 .debug_frame   0x0000000000000614       0x20 c:/users/v6_20/appdata/local/arduino15/packages/uiap/tools/riscv-none-embed-gcc/8.2.0/bin/../lib/gcc/riscv-none-embed/8.2.0/../../../../riscv-none-embed/lib/rv32ecxw/ilp32e\libnosys.a(_exit.o)

.stabstr        0x0000000000000000      0x115
 .stabstr       0x0000000000000000      0x115 c:/users/v6_20/appdata/local/arduino15/packages/uiap/tools/riscv-none-embed-gcc/8.2.0/bin/../lib/gcc/riscv-none-embed/8.2.0/../../../../riscv-none-embed/lib/rv32ecxw/ilp32e\libnosys.a(close.o)

.stab           0x0000000000000000       0x30