Archive member included to satisfy reference by file (symbol)

C:\Users\v6_20\AppData\Local\arduino\cores\0428a114ed9b0fca96df34c67940d9e1\core.a(HardwareSerial.cpp.o)
                              (--whole-archive)
C:\Users\v6_20\AppData\Local\arduino\cores\0428a114ed9b0fca96df34c67940d9e1\core.a(Print.cpp.o)
                              (--whole-archive)
C:\Users\v6_20\AppData\Local\arduino\cores\0428a114ed9b0fca96df34c67940d9e1\core.a(Stream.cpp.o)
                              (--whole-archive)
C:\Users\v6_20\AppData\Local\arduino\cores\0428a114ed9b0fca96df34c67940d9e1\core.a(WInterrupts.cpp.o)
                              (--whole-archive)
C:\Users\v6_20\AppData\Local\arduino\cores\0428a114ed9b0fca96df34c67940d9e1\core.a(WMath.cpp.o)
                              (--whole-archive)
C:\Users\v6_20\AppData\Local\arduino\cores\0428a114ed9b0fca96df34c67940d9e1\core.a(WString.cpp.o)
                              (--whole-archive)
C:\Users\v6_20\AppData\Local\arduino\cores\0428a114ed9b0fca96df34c67940d9e1\core.a(abi.cpp.o)
                              (--whole-archive)
C:\Users\v6_20\AppData\Local\arduino\cores\0428a114ed9b0fca96df34c67940d9e1\core.a(dtostrf.c.o)
                              (--whole-archive)
C:\Users\v6_20\AppData\Local\arduino\cores\0428a114ed9b0fca96df34c67940d9e1\core.a(board.c.o)
                              (--whole-archive)
C:\Users\v6_20\AppData\Local\arduino\cores\0428a114ed9b0fca96df34c67940d9e1\core.a(PortNames.c.o)
                              (--whole-archive)
C:\Users\v6_20\AppData\Local\arduino\cores\0428a114ed9b0fca96df34c67940d9e1\core.a(analog.cpp.o)
                              (--whole-archive)
C:\Users\v6_20\AppData\Local\arduino\cores\0428a114ed9b0fca96df34c67940d9e1\core.a(ch32_def.c.o)
                              (--whole-archive)
C:\Users\v6_20\AppData\Local\arduino\cores\0428a114ed9b0fca96df34c67940d9e1\core.a(clock.c.o)
                              (--whole-archive)
C:\Users\v6_20\AppData\Local\arduino\cores\0428a114ed9b0fca96df34c67940d9e1\core.a(hw_config.c.o)
                              (--whole-archive)
C:\Users\v6_20\AppData\Local\arduino\cores\0428a114ed9b0fca96df34c67940d9e1\core.a(interrupt.cpp.o)
                              (--whole-archive)
C:\Users\v6_20\AppData\Local\arduino\cores\0428a114ed9b0fca96df34c67940d9e1\core.a(ch32yyxx_adc.c.o)
                              (--whole-archive)
C:\Users\v6_20\AppData\Local\arduino\cores\0428a114ed9b0fca96df34c67940d9e1\core.a(ch32yyxx_bkp.c.o)
                              (--whole-archive)
C:\Users\v6_20\AppData\Local\arduino\cores\0428a114ed9b0fca96df34c67940d9e1\core.a(ch32yyxx_can.c.o)
                              (--whole-archive)
C:\Users\v6_20\AppData\Local\arduino\cores\0428a114ed9b0fca96df34c67940d9e1\core.a(ch32yyxx_crc.c.o)
                              (--whole-archive)
C:\Users\v6_20\AppData\Local\arduino\cores\0428a114ed9b0fca96df34c67940d9e1\core.a(ch32yyxx_dac.c.o)
                              (--whole-archive)
C:\Users\v6_20\AppData\Local\arduino\cores\0428a114ed9b0fca96df34c67940d9e1\core.a(ch32yyxx_dbgmcu.c.o)
                              (--whole-archive)
C:\Users\v6_20\AppData\Local\arduino\cores\0428a114ed9b0fca96df34c67940d9e1\core.a(ch32yyxx_debug.c.o)
                              (--whole-archive)
C:\Users\v6_20\AppData\Local\arduino\cores\0428a114ed9b0fca96df34c67940d9e1\core.a(ch32yyxx_dma.c.o)
                              (--whole-archive)
C:\Users\v6_20\AppData\Local\arduino\cores\0428a114ed9b0fca96df34c67940d9e1\core.a(ch32yyxx_dvp.c.o)
                              (--whole-archive)
C:\Users\v6_20\AppData\Local\arduino\cores\0428a114ed9b0fca96df34c67940d9e1\core.a(ch32yyxx_eth.c.o)
                              (--whole-archive)
C:\Users\v6_20\AppData\Local\arduino\cores\0428a114ed9b0fca96df34c67940d9e1\core.a(ch32yyxx_exti.c.o)
                              (--whole-archive)
C:\Users\v6_20\AppData\Local\arduino\cores\0428a114ed9b0fca96df34c67940d9e1\core.a(ch32yyxx_flash.c.o)
                              (--whole-archive)
C:\Users\v6_20\AppData\Local\arduino\cores\0428a114ed9b0fca96df34c67940d9e1\core.a(ch32yyxx_fsmc.c.o)
                              (--whole-archive)
C:\Users\v6_20\AppData\Local\arduino\cores\0428a114ed9b0fca96df34c67940d9e1\core.a(ch32yyxx_gpio.c.o)
                              (--whole-archive)
C:\Users\v6_20\AppData\Local\arduino\cores\0428a114ed9b0fca96df34c67940d9e1\core.a(ch32yyxx_i2c.c.o)
                              (--whole-archive)
C:\Users\v6_20\AppData\Local\arduino\cores\0428a114ed9b0fca96df34c67940d9e1\core.a(ch32yyxx_it.c.o)
                              (--whole-archive)
C:\Users\v6_20\AppData\Local\arduino\cores\0428a114ed9b0fca96df34c67940d9e1\core.a(ch32yyxx_iwdg.c.o)
                              (--whole-archive)
C:\Users\v6_20\AppData\Local\arduino\cores\0428a114ed9b0fca96df34c67940d9e1\core.a(ch32yyxx_misc.c.o)
[...]
Memory Configuration

Name             Origin             Length             Attributes
FLASH            0x0000000000000000 0x0000000000004000 xr
RAM              0x0000000020000000 0x0000000000000800 xrw
*default*        0x0000000000000000 0xffffffffffffffff

Linker script and memory map

START GROUP
LOAD C:\Users\v6_20\AppData\Local\arduino\sketches\BFC91BC86210AA037ACA528224B5812B\sketch\Kodo_Winker.ino.cpp.o
LOAD C:\Users\v6_20\AppData\Local\arduino\sketches\BFC91BC86210AA037ACA528224B5812B\core\PeripheralPins.c.o
LOAD C:\Users\v6_20\AppData\Local\arduino\sketches\BFC91BC86210AA037ACA528224B5812B\core\variant_CH32V003F4.cpp.o
LOAD c:/users/v6_20/appdata/local/arduino15/packages/wch/tools/riscv-none-embed-gcc/8.2.0/bin/../lib/gcc/riscv-none-embed/8.2.0/../../../../riscv-none-embed/lib/rv32ecxw/ilp32e\libprintf.a
LOAD C:\Users\v6_20\AppData\Local\arduino\cores\0428a114ed9b0fca96df34c67940d9e1\core.a
END GROUP
LOAD c:/users/v6_20/appdata/local/arduino15/packages/wch/tools/riscv-none-embed-gcc/8.2.0/bin/../lib/gcc/riscv-none-embed/8.2.0/../../../../riscv-none-embed/lib/rv32ecxw/ilp32e\libstdc++_nano.a
LOAD c:/users/v6_20/appdata/local/arduino15/packages/wch/tools/riscv-none-embed-gcc/8.2.0/bin/../lib/gcc/riscv-none-embed/8.2.0/../../../../riscv-none-embed/lib/rv32ecxw/ilp32e\libm.a
LOAD c:/users/v6_20/appdata/local/arduino15/packages/wch/tools/riscv-none-embed-gcc/8.2.0/bin/../lib/gcc/riscv-none-embed/8.2.0/../../../../riscv-none-embed/lib/rv32ecxw/ilp32e\libc_nano.a
LOAD c:/users/v6_20/appdata/local/arduino15/packages/wch/tools/riscv-none-embed-gcc/8.2.0/bin/../lib/gcc/riscv-none-embed/8.2.0/rv32ecxw/ilp32e\libgcc.a
LOAD c:/users/v6_20/appdata/local/arduino15/packages/wch/tools/riscv-none-embed-gcc/8.2.0/bin/../lib/gcc/riscv-none-embed/8.2.0/../../../../riscv-none-embed/lib/rv32ecxw/ilp32e\libc_nano.a
LOAD c:/users/v6_20/appdata/local/arduino15/packages/wch/tools/riscv-none-embed-gcc/8.2.0/bin/../lib/gcc/riscv-none-embed/8.2.0/rv32ecxw/ilp32e\libgcc.a
START GROUP
LOAD c:/users/v6_20/appdata/local/arduino15/packages/wch/tools/riscv-none-embed-gcc/8.2.0/bin/../lib/gcc/riscv-none-embed/8.2.0/rv32ecxw/ilp32e\libgcc.a
LOAD c:/users/v6_20/appdata/local/arduino15/packages/wch/tools/riscv-none-embed-gcc/8.2.0/bin/../lib/gcc/riscv-none-embed/8.2.0/../../../../riscv-none-embed/lib/rv32ecxw/ilp32e\libc_nano.a
LOAD c:/users/v6_20/appdata/local/arduino15/packages/wch/tools/riscv-none-embed-gcc/8.2.0/bin/../lib/gcc/riscv-none-embed/8.2.0/../../../../riscv-none-embed/lib/rv32ecxw/ilp32e\libnosys.a
END GROUP
START GROUP
LOAD c:/users/v6_20/appdata/local/arduino15/packages/wch/tools/riscv-none-embed-gcc/8.2.0/bin/../lib/gcc/riscv-none-embed/8.2.0/rv32ecxw/ilp32e\libgcc.a
LOAD c:/users/v6_20/appdata/local/arduino15/packages/wch/tools/riscv-none-embed-gcc/8.2.0/bin/../lib/gcc/riscv-none-embed/8.2.0/../../../../riscv-none-embed/lib/rv32ecxw/ilp32e\libc_nano.a
LOAD c:/users/v6_20/appdata/local/arduino15/packages/wch/tools/riscv-none-embed-gcc/8.2.0/bin/../lib/gcc/riscv-none-embed/8.2.0/../../../../riscv-none-embed/lib/rv32ecxw/ilp32e\libnosys.a
END GROUP
                0x00000000000001c0                __stack_size = 0x1c0
                [!provide]                        PROVIDE (_stack_size = __stack_size)

.init           0x0000000000000000       0xa0
                0x0000000000000000                _sinit = .
                0x0000000000000000                . = ALIGN (0x4)
 *(SORT_NONE(.init))
 .init          0x0000000000000000       0x9e C:\Users\v6_20\AppData\Local\arduino\cores\0428a114ed9b0fca96df34c67940d9e1\core.a(startup_ch32yyxx.S.o)
                0x0000000000000000                _start
                0x00000000000000a0                . = ALIGN (0x4)
 *fill*         0x000000000000009e        0x2 
                0x00000000000000a0                _einit = .

.text           0x00000000000000a0     0x1780
                0x00000000000000a0                . = ALIGN (0x4)
 *(.text)
 .text          0x00000000000000a0       0x14 c:/users/v6_20/appdata/local/arduino15/packages/wch/tools/riscv-none-embed-gcc/8.2.0/bin/../lib/gcc/riscv-none-embed/8.2.0/rv32ecxw/ilp32e\libgcc.a(save-restore.o)
                0x00000000000000a0                __riscv_save_1
                0x00000000000000a0                __riscv_save_2
                0x00000000000000a0                __riscv_save_0
                0x00000000000000aa                __riscv_restore_0
                0x00000000000000aa                __riscv_restore_1
                0x00000000000000aa                __riscv_restore_2
 .text          0x00000000000000b4       0x16 c:/users/v6_20/appdata/local/arduino15/packages/wch/tools/riscv-none-embed-gcc/8.2.0/bin/../lib/gcc/riscv-none-embed/8.2.0/rv32ecxw/ilp32e\libgcc.a(muldi3.o)
                0x00000000000000b4                __mulsi3
 *fill*         0x00000000000000ca        0x2 
 .text          0x00000000000000cc       0x7e c:/users/v6_20/appdata/local/arduino15/packages/wch/tools/riscv-none-embed-gcc/8.2.0/bin/../lib/gcc/riscv-none-embed/8.2.0/rv32ecxw/ilp32e\libgcc.a(div.o)
                0x00000000000000cc                __divsi3
                0x00000000000000d4                __udivsi3
                0x0000000000000100                __umodsi3
                0x0000000000000124                __modsi3
 *(.text.*)
 .text._Z12Set_PWM_Dutyt
                0x000000000000014a       0x1c C:\Users\v6_20\AppData\Local\arduino\sketches\BFC91BC86210AA037ACA528224B5812B\sketch\Kodo_Winker.ino.cpp.o
                0x000000000000014a                Set_PWM_Duty(unsigned short)
 .text._Z22Save_Settings_To_Flashv
                0x0000000000000166       0x48 C:\Users\v6_20\AppData\Local\arduino\sketches\BFC91BC86210AA037ACA528224B5812B\sketch\Kodo_Winker.ino.cpp.o
                0x0000000000000166                Save_Settings_To_Flash()
 .text._Z24Load_Settings_From_Flashv
                0x00000000000001ae       0x4c C:\Users\v6_20\AppData\Local\arduino\sketches\BFC91BC86210AA037ACA528224B5812B\sketch\Kodo_Winker.ino.cpp.o
                0x00000000000001ae                Load_Settings_From_Flash()
 .text._Z11GPIO_Configv
                0x00000000000001fa      0x110 C:\Users\v6_20\AppData\Local\arduino\sketches\BFC91BC86210AA037ACA528224B5812B\sketch\Kodo_Winker.ino.cpp.o
                0x00000000000001fa                GPIO_Config()
 .text._Z15TIM1_PWM_Configv
                0x000000000000030a       0x68 C:\Users\v6_20\AppData\Local\arduino\sketches\BFC91BC86210AA037ACA528224B5812B\sketch\Kodo_Winker.ino.cpp.o
                0x000000000000030a                TIM1_PWM_Config()
 .text._Z15Process_Buttonsm
                0x0000000000000372      0x1ca C:\Users\v6_20\AppData\Local\arduino\sketches\BFC91BC86210AA037ACA528224B5812B\sketch\Kodo_Winker.ino.cpp.o
                0x0000000000000372                Process_Buttons(unsigned long)
 .text.setup    0x000000000000053c        0xc C:\Users\v6_20\AppData\Local\arduino\sketches\BFC91BC86210AA037ACA528224B5812B\sketch\Kodo_Winker.ino.cpp.o
                0x000000000000053c                setup
 .text.loop     0x0000000000000548      0x1e0 C:\Users\v6_20\AppData\Local\arduino\sketches\BFC91BC86210AA037ACA528224B5812B\sketch\Kodo_Winker.ino.cpp.o
                0x0000000000000548                loop
 .text._ZN5Print17availableForWriteEv
                0x0000000000000728        0x4 C:\Users\v6_20\AppData\Local\arduino\cores\0428a114ed9b0fca96df34c67940d9e1\core.a(HardwareSerial.cpp.o)
                0x0000000000000728                Print::availableForWrite()
 .text._ZN5Print5flushEv
                0x000000000000072c        0x2 C:\Users\v6_20\AppData\Local\arduino\cores\0428a114ed9b0fca96df34c67940d9e1\core.a(HardwareSerial.cpp.o)
                0x000000000000072c                Print::flush()
 .text._ZN14HardwareSerial9availableEv
                0x000000000000072e        0x4 C:\Users\v6_20\AppData\Local\arduino\cores\0428a114ed9b0fca96df34c67940d9e1\core.a(HardwareSerial.cpp.o)
                0x000000000000072e                HardwareSerial::available()
                0x000000000000072e                HardwareSerial::peek()
 .text._ZN14HardwareSerial5writeEh
                0x0000000000000732       0x18 C:\Users\v6_20\AppData\Local\arduino\cores\0428a114ed9b0fca96df34c67940d9e1\core.a(HardwareSerial.cpp.o)
                0x0000000000000732                HardwareSerial::write(unsigned char)
 .text._ZN14HardwareSerial4readEv
                0x000000000000074a       0x1c C:\Users\v6_20\AppData\Local\arduino\cores\0428a114ed9b0fca96df34c67940d9e1\core.a(HardwareSerial.cpp.o)
                0x000000000000074a                HardwareSerial::read()
 .text._ZN14HardwareSerial5writeEPKhj
                0x0000000000000766       0x10 C:\Users\v6_20\AppData\Local\arduino\cores\0428a114ed9b0fca96df34c67940d9e1\core.a(HardwareSerial.cpp.o)
                0x0000000000000766                HardwareSerial::write(unsigned char const*, unsigned int)
 .text._ZN14HardwareSerial5setRxEm
                0x0000000000000776       0x58 C:\Users\v6_20\AppData\Local\arduino\cores\0428a114ed9b0fca96df34c67940d9e1\core.a(HardwareSerial.cpp.o)
                0x0000000000000776                HardwareSerial::setRx(unsigned long)
 .text._ZN14HardwareSerial5setTxEm
                0x00000000000007ce       0x58 C:\Users\v6_20\AppData\Local\arduino\cores\0428a114ed9b0fca96df34c67940d9e1\core.a(HardwareSerial.cpp.o)
                0x00000000000007ce                HardwareSerial::setTx(unsigned long)
 .text._ZN14HardwareSerialC2EPv
                0x0000000000000826       0x3e C:\Users\v6_20\AppData\Local\arduino\cores\0428a114ed9b0fca96df34c67940d9e1\core.a(HardwareSerial.cpp.o)
                0x0000000000000826                HardwareSerial::HardwareSerial(void*)
                0x0000000000000826                HardwareSerial::HardwareSerial(void*)
 .text.startup._GLOBAL__sub_I__ZN14HardwareSerialC2EPv
                0x0000000000000864       0x16 C:\Users\v6_20\AppData\Local\arduino\cores\0428a114ed9b0fca96df34c67940d9e1\core.a(HardwareSerial.cpp.o)
 .text._ZN6Stream9timedReadEv
                0x000000000000087a       0x2c C:\Users\v6_20\AppData\Local\arduino\cores\0428a114ed9b0fca96df34c67940d9e1\core.a(Stream.cpp.o)
                0x000000000000087a                Stream::timedRead()
 .text._ZN6Stream9readBytesEPcj
                0x00000000000008a6       0x30 C:\Users\v6_20\AppData\Local\arduino\cores\0428a114ed9b0fca96df34c67940d9e1\core.a(Stream.cpp.o)
                0x00000000000008a6                Stream::readBytes(char*, unsigned int)
 .text._ZN6Stream14readBytesUntilEcPcj
                0x00000000000008d6       0x3c C:\Users\v6_20\AppData\Local\arduino\cores\0428a114ed9b0fca96df34c67940d9e1\core.a(Stream.cpp.o)
                0x00000000000008d6                Stream::readBytesUntil(char, char*, unsigned int)
 .text.pre_init
                0x0000000000000912        0xa C:\Users\v6_20\AppData\Local\arduino\cores\0428a114ed9b0fca96df34c67940d9e1\core.a(board.c.o)
                0x0000000000000912                pre_init
 .text.set_GPIO_Port_Clock
                0x000000000000091c       0x46 C:\Users\v6_20\AppData\Local\arduino\cores\0428a114ed9b0fca96df34c67940d9e1\core.a(PortNames.c.o)
                0x000000000000091c                set_GPIO_Port_Clock
 .text.GetTick  0x0000000000000962        0xa C:\Users\v6_20\AppData\Local\arduino\cores\0428a114ed9b0fca96df34c67940d9e1\core.a(clock.c.o)
                0x0000000000000962                GetTick
 .text.noOsSystickHandler
                0x000000000000096c        0x2 C:\Users\v6_20\AppData\Local\arduino\cores\0428a114ed9b0fca96df34c67940d9e1\core.a(clock.c.o)
                0x000000000000096c                osSystickHandler
                0x000000000000096c                noOsSystickHandler
 .text.getCurrentMillis
                0x000000000000096e        0xa C:\Users\v6_20\AppData\Local\arduino\cores\0428a114ed9b0fca96df34c67940d9e1\core.a(clock.c.o)
                0x000000000000096e                getCurrentMillis
 .text.SysTick_Handler
                0x0000000000000978       0x2a C:\Users\v6_20\AppData\Local\arduino\cores\0428a114ed9b0fca96df34c67940d9e1\core.a(clock.c.o)
                0x0000000000000978                SysTick_Handler
 .text.systick_init
                0x00000000000009a2       0x40 C:\Users\v6_20\AppData\Local\arduino\cores\0428a114ed9b0fca96df34c67940d9e1\core.a(hw_config.c.o)
                0x00000000000009a2                systick_init
 .text.hw_config_init
                0x00000000000009e2        0xa C:\Users\v6_20\AppData\Local\arduino\cores\0428a114ed9b0fca96df34c67940d9e1\core.a(hw_config.c.o)
                0x00000000000009e2                hw_config_init
 .text._Z19_gpio_exti_callbackt
                0x00000000000009ec       0x2e C:\Users\v6_20\AppData\Local\arduino\cores\0428a114ed9b0fca96df34c67940d9e1\core.a(interrupt.cpp.o)
                0x00000000000009ec                _gpio_exti_callback(unsigned short)
 .text.EXTI7_0_IRQHandler
                0x0000000000000a1a       0x26 C:\Users\v6_20\AppData\Local\arduino\cores\0428a114ed9b0fca96df34c67940d9e1\core.a(interrupt.cpp.o)
                0x0000000000000a1a                EXTI7_0_IRQHandler
 .text._fini    0x0000000000000a40        0x2 C:\Users\v6_20\AppData\Local\arduino\cores\0428a114ed9b0fca96df34c67940d9e1\core.a(ch32yyxx_debug.c.o)
                0x0000000000000a40                _fini
 .text._init    0x0000000000000a42        0x2 C:\Users\v6_20\AppData\Local\arduino\cores\0428a114ed9b0fca96df34c67940d9e1\core.a(ch32yyxx_debug.c.o)
                0x0000000000000a42                _init
 .text.EXTI_ClearITPendingBit
                0x0000000000000a44        0xa C:\Users\v6_20\AppData\Local\arduino\cores\0428a114ed9b0fca96df34c67940d9e1\core.a(ch32yyxx_exti.c.o)
                0x0000000000000a44                EXTI_ClearITPendingBit
 .text.FLASH_Unlock
                0x0000000000000a4e       0x1a C:\Users\v6_20\AppData\Local\arduino\cores\0428a114ed9b0fca96df34c67940d9e1\core.a(ch32yyxx_flash.c.o)
                0x0000000000000a4e                FLASH_Unlock
 .text.FLASH_Lock
                0x0000000000000a68        0xe C:\Users\v6_20\AppData\Local\arduino\cores\0428a114ed9b0fca96df34c67940d9e1\core.a(ch32yyxx_flash.c.o)
                0x0000000000000a68                FLASH_Lock
 .text.FLASH_GetBank1Status
                0x0000000000000a76       0x18 C:\Users\v6_20\AppData\Local\arduino\cores\0428a114ed9b0fca96df34c67940d9e1\core.a(ch32yyxx_flash.c.o)
                0x0000000000000a76                FLASH_GetBank1Status
 .text.FLASH_WaitForLastOperation
                0x0000000000000a8e       0x20 C:\Users\v6_20\AppData\Local\arduino\cores\0428a114ed9b0fca96df34c67940d9e1\core.a(ch32yyxx_flash.c.o)
                0x0000000000000a8e                FLASH_WaitForLastOperation
 .text.FLASH_ErasePage
                0x0000000000000aae       0x38 C:\Users\v6_20\AppData\Local\arduino\cores\0428a114ed9b0fca96df34c67940d9e1\core.a(ch32yyxx_flash.c.o)
                0x0000000000000aae                FLASH_ErasePage
 .text.FLASH_ProgramHalfWord
                0x0000000000000ae6       0x34 C:\Users\v6_20\AppData\Local\arduino\cores\0428a114ed9b0fca96df34c67940d9e1\core.a(ch32yyxx_flash.c.o)
                0x0000000000000ae6                FLASH_ProgramHalfWord
 .text.GPIO_Init
                0x0000000000000b1a       0xd6 C:\Users\v6_20\AppData\Local\arduino\cores\0428a114ed9b0fca96df34c67940d9e1\core.a(ch32yyxx_gpio.c.o)
                0x0000000000000b1a                GPIO_Init
 .text.GPIO_PinRemapConfig
                0x0000000000000bf0       0xc4 C:\Users\v6_20\AppData\Local\arduino\cores\0428a114ed9b0fca96df34c67940d9e1\core.a(ch32yyxx_gpio.c.o)
                0x0000000000000bf0                GPIO_PinRemapConfig
 .text.NMI_Handler
                0x0000000000000cb4        0x4 C:\Users\v6_20\AppData\Local\arduino\cores\0428a114ed9b0fca96df34c67940d9e1\core.a(ch32yyxx_it.c.o)
                0x0000000000000cb4                NMI_Handler
 .text.HardFault_Handler
                0x0000000000000cb8        0x2 C:\Users\v6_20\AppData\Local\arduino\cores\0428a114ed9b0fca96df34c67940d9e1\core.a(ch32yyxx_it.c.o)
                0x0000000000000cb8                HardFault_Handler
 .text.RCC_GetClocksFreq
                0x0000000000000cba       0x9c C:\Users\v6_20\AppData\Local\arduino\cores\0428a114ed9b0fca96df34c67940d9e1\core.a(ch32yyxx_rcc.c.o)
                0x0000000000000cba                RCC_GetClocksFreq
 .text.RCC_APB2PeriphClockCmd
                0x0000000000000d56       0x1e C:\Users\v6_20\AppData\Local\arduino\cores\0428a114ed9b0fca96df34c67940d9e1\core.a(ch32yyxx_rcc.c.o)
                0x0000000000000d56                RCC_APB2PeriphClockCmd
 .text.USART_Init
                0x0000000000000d74       0xcc C:\Users\v6_20\AppData\Local\arduino\cores\0428a114ed9b0fca96df34c67940d9e1\core.a(ch32yyxx_usart.c.o)
                0x0000000000000d74                USART_Init
 .text.USART_Cmd
                0x0000000000000e40       0x16 C:\Users\v6_20\AppData\Local\arduino\cores\0428a114ed9b0fca96df34c67940d9e1\core.a(ch32yyxx_usart.c.o)
                0x0000000000000e40                USART_Cmd
 .text.USART_SendData
                0x0000000000000e56        0x8 C:\Users\v6_20\AppData\Local\arduino\cores\0428a114ed9b0fca96df34c67940d9e1\core.a(ch32yyxx_usart.c.o)
                0x0000000000000e56                USART_SendData
 .text.USART_ReceiveData
                0x0000000000000e5e        0x8 C:\Users\v6_20\AppData\Local\arduino\cores\0428a114ed9b0fca96df34c67940d9e1\core.a(ch32yyxx_usart.c.o)
                0x0000000000000e5e                USART_ReceiveData
 .text.USART_HalfDuplexCmd
                0x0000000000000e66       0x18 C:\Users\v6_20\AppData\Local\arduino\cores\0428a114ed9b0fca96df34c67940d9e1\core.a(ch32yyxx_usart.c.o)
                0x0000000000000e66                USART_HalfDuplexCmd
 .text.USART_GetFlagStatus
                0x0000000000000e7e        0xa C:\Users\v6_20\AppData\Local\arduino\cores\0428a114ed9b0fca96df34c67940d9e1\core.a(ch32yyxx_usart.c.o)
                0x0000000000000e7e                USART_GetFlagStatus
 .text.SystemInit
                0x0000000000000e88       0xfe C:\Users\v6_20\AppData\Local\arduino\cores\0428a114ed9b0fca96df34c67940d9e1\core.a(system_ch32yyxx.c.o)
                0x0000000000000e88                SystemInit
 .text.pin_function
                0x0000000000000f86      0x194 C:\Users\v6_20\AppData\Local\arduino\cores\0428a114ed9b0fca96df34c67940d9e1\core.a(pinmap.c.o)
                0x0000000000000f86                pin_function
 .text.pinmap_pinout
                0x000000000000111a       0x24 C:\Users\v6_20\AppData\Local\arduino\cores\0428a114ed9b0fca96df34c67940d9e1\core.a(pinmap.c.o)
                0x000000000000111a                pinmap_pinout
 .text.pinmap_find_peripheral
                0x000000000000113e       0x18 C:\Users\v6_20\AppData\Local\arduino\cores\0428a114ed9b0fca96df34c67940d9e1\core.a(pinmap.c.o)
                0x000000000000113e                pinmap_find_peripheral
 .text.pinmap_peripheral
                0x0000000000001156       0x14 C:\Users\v6_20\AppData\Local\arduino\cores\0428a114ed9b0fca96df34c67940d9e1\core.a(pinmap.c.o)
                0x0000000000001156                pinmap_peripheral
 .text.pinmap_merge_peripheral
                0x000000000000116a       0x12 C:\Users\v6_20\AppData\Local\arduino\cores\0428a114ed9b0fca96df34c67940d9e1\core.a(pinmap.c.o)
                0x000000000000116a                pinmap_merge_peripheral
 .text.vector_handler
                0x000000000000117c       0x36 C:\Users\v6_20\AppData\Local\arduino\cores\0428a114ed9b0fca96df34c67940d9e1\core.a(startup_ch32yyxx.S.o)
                0x0000000000001182                SW_Handler
                0x0000000000001184                WWDG_IRQHandler
                0x0000000000001186                PVD_IRQHandler
                0x0000000000001188                FLASH_IRQHandler
                0x000000000000118a                RCC_IRQHandler
                0x000000000000118e                AWU_IRQHandler
                0x0000000000001190                DMA1_Channel1_IRQHandler
                0x0000000000001192                DMA1_Channel2_IRQHandler
                0x0000000000001194                DMA1_Channel3_IRQHandler
                0x0000000000001196                DMA1_Channel4_IRQHandler
                0x0000000000001198                DMA1_Channel5_IRQHandler
                0x000000000000119a                DMA1_Channel6_IRQHandler
                0x000000000000119c                DMA1_Channel7_IRQHandler
                0x000000000000119e                ADC1_IRQHandler
                0x00000000000011a0                I2C1_EV_IRQHandler
                0x00000000000011a2                I2C1_ER_IRQHandler
                0x00000000000011a4                USART1_IRQHandler
                0x00000000000011a6                SPI1_IRQHandler
                0x00000000000011a8                TIM1_BRK_IRQHandler
                0x00000000000011aa                TIM1_UP_IRQHandler
                0x00000000000011ac                TIM1_TRG_COM_IRQHandler
                0x00000000000011ae                TIM1_CC_IRQHandler
                0x00000000000011b0                TIM2_IRQHandler
 .text.handle_reset
                0x00000000000011b2       0x88 C:\Users\v6_20\AppData\Local\arduino\cores\0428a114ed9b0fca96df34c67940d9e1\core.a(startup_ch32yyxx.S.o)
                0x00000000000011b2                handle_reset
 .text.uart_init.part.0
                0x000000000000123a      0x13a C:\Users\v6_20\AppData\Local\arduino\cores\0428a114ed9b0fca96df34c67940d9e1\core.a(uart.c.o)
 .text.uart_debug_init
                0x0000000000001374       0x42 C:\Users\v6_20\AppData\Local\arduino\cores\0428a114ed9b0fca96df34c67940d9e1\core.a(uart.c.o)
                0x0000000000001374                uart_debug_init
 .text.serial_rx_active
                0x00000000000013b6       0x26 C:\Users\v6_20\AppData\Local\arduino\cores\0428a114ed9b0fca96df34c67940d9e1\core.a(uart.c.o)
                0x00000000000013b6                serial_rx_active
 .text.serial_tx_active
                0x00000000000013dc       0x26 C:\Users\v6_20\AppData\Local\arduino\cores\0428a114ed9b0fca96df34c67940d9e1\core.a(uart.c.o)
                0x00000000000013dc                serial_tx_active
 .text.uart_debug_write
                0x0000000000001402      0x100 C:\Users\v6_20\AppData\Local\arduino\cores\0428a114ed9b0fca96df34c67940d9e1\core.a(uart.c.o)
                0x0000000000001402                uart_debug_write
 .text.uart_getc
                0x0000000000001502       0x34 C:\Users\v6_20\AppData\Local\arduino\cores\0428a114ed9b0fca96df34c67940d9e1\core.a(uart.c.o)
                0x0000000000001502                uart_getc
 .text.startup.main
                0x0000000000001536       0x12 C:\Users\v6_20\AppData\Local\arduino\cores\0428a114ed9b0fca96df34c67940d9e1\core.a(main.cpp.o)
                0x0000000000001536                main
 .text.millis   0x0000000000001548        0xc C:\Users\v6_20\AppData\Local\arduino\cores\0428a114ed9b0fca96df34c67940d9e1\core.a(wiring_time.c.o)
                0x0000000000001548                millis
 .text.atexit   0x0000000000001554        0xa c:/users/v6_20/appdata/local/arduino15/packages/wch/tools/riscv-none-embed-gcc/8.2.0/bin/../lib/gcc/riscv-none-embed/8.2.0/../../../../riscv-none-embed/lib/rv32ecxw/ilp32e\libc_nano.a(lib_a-atexit.o)
                0x0000000000001554                atexit
 .text.__libc_fini_array
                0x000000000000155e       0x3a c:/users/v6_20/appdata/local/arduino15/packages/wch/tools/riscv-none-embed-gcc/8.2.0/bin/../lib/gcc/riscv-none-embed/8.2.0/../../../../riscv-none-embed/lib/rv32ecxw/ilp32e\libc_nano.a(lib_a-fini.o)
                0x000000000000155e                __libc_fini_array
 .text.__libc_init_array
                0x0000000000001598       0x76 c:/users/v6_20/appdata/local/arduino15/packages/wch/tools/riscv-none-embed-gcc/8.2.0/bin/../lib/gcc/riscv-none-embed/8.2.0/../../../../riscv-none-embed/lib/rv32ecxw/ilp32e\libc_nano.a(lib_a-init.o)
                0x0000000000001598                __libc_init_array
 .text.__register_exitproc
                0x000000000000160e       0x7a c:/users/v6_20/appdata/local/arduino15/packages/wch/tools/riscv-none-embed-gcc/8.2.0/bin/../lib/gcc/riscv-none-embed/8.2.0/../../../../riscv-none-embed/lib/rv32ecxw/ilp32e\libc_nano.a(lib_a-__atexit.o)
                0x000000000000160e                __register_exitproc
 .text.startup.register_fini
                0x0000000000001688       0x16 c:/users/v6_20/appdata/local/arduino15/packages/wch/tools/riscv-none-embed-gcc/8.2.0/bin/../lib/gcc/riscv-none-embed/8.2.0/../../../../riscv-none-embed/lib/rv32ecxw/ilp32e\libc_nano.a(lib_a-__call_atexit.o)
 *(.rodata)
 *(.rodata*)
 *fill*         0x000000000000169e        0x2 
 .rodata.PinMap_UART_CTS
                0x00000000000016a0       0x18 C:\Users\v6_20\AppData\Local\arduino\sketches\BFC91BC86210AA037ACA528224B5812B\core\PeripheralPins.c.o
                0x00000000000016a0                PinMap_UART_CTS
 .rodata.PinMap_UART_RTS
                0x00000000000016b8       0x18 C:\Users\v6_20\AppData\Local\arduino\sketches\BFC91BC86210AA037ACA528224B5812B\core\PeripheralPins.c.o
                0x00000000000016b8                PinMap_UART_RTS
 .rodata.PinMap_UART_RX
                0x00000000000016d0       0x18 C:\Users\v6_20\AppData\Local\arduino\sketches\BFC91BC86210AA037ACA528224B5812B\core\PeripheralPins.c.o
                0x00000000000016d0                PinMap_UART_RX
 .rodata.PinMap_UART_TX
                0x00000000000016e8       0x18 C:\Users\v6_20\AppData\Local\arduino\sketches\BFC91BC86210AA037ACA528224B5812B\core\PeripheralPins.c.o
                0x00000000000016e8                PinMap_UART_TX
 .rodata.analogInputPin
                0x0000000000001700       0x20 C:\Users\v6_20\AppData\Local\arduino\sketches\BFC91BC86210AA037ACA528224B5812B\core\variant_CH32V003F4.cpp.o
                0x0000000000001700                analogInputPin
 .rodata.digitalPin
                0x0000000000001720       0x48 C:\Users\v6_20\AppData\Local\arduino\sketches\BFC91BC86210AA037ACA528224B5812B\core\variant_CH32V003F4.cpp.o
                0x0000000000001720                digitalPin
 .rodata._ZTV14HardwareSerial
                0x0000000000001768       0x2c C:\Users\v6_20\AppData\Local\arduino\cores\0428a114ed9b0fca96df34c67940d9e1\core.a(HardwareSerial.cpp.o)
                0x0000000000001768                vtable for HardwareSerial
 .rodata.pin_function
                0x0000000000001794       0x6c C:\Users\v6_20\AppData\Local\arduino\cores\0428a114ed9b0fca96df34c67940d9e1\core.a(pinmap.c.o)
 .rodata.pin_map
                0x0000000000001800       0x20 C:\Users\v6_20\AppData\Local\arduino\cores\0428a114ed9b0fca96df34c67940d9e1\core.a(pinmap.c.o)
                0x0000000000001800                pin_map
 *(.gnu.linkonce.t.*)
                0x0000000000001820                . = ALIGN (0x4)

.rela.dyn       0x0000000000001820        0x0
 .rela.text._ZN14HardwareSerialC2EPv
                0x0000000000001820        0x0 C:\Users\v6_20\AppData\Local\arduino\sketches\BFC91BC86210AA037ACA528224B5812B\sketch\Kodo_Winker.ino.cpp.o
 .rela.rodata._ZTV14HardwareSerial
                0x0000000000001820        0x0 C:\Users\v6_20\AppData\Local\arduino\sketches\BFC91BC86210AA037ACA528224B5812B\sketch\Kodo_Winker.ino.cpp.o
 .rela.text.getCurrentMillis
                0x0000000000001820        0x0 C:\Users\v6_20\AppData\Local\arduino\sketches\BFC91BC86210AA037ACA528224B5812B\sketch\Kodo_Winker.ino.cpp.o
 .rela.text.SysTick_Handler
                0x0000000000001820        0x0 C:\Users\v6_20\AppData\Local\arduino\sketches\BFC91BC86210AA037ACA528224B5812B\sketch\Kodo_Winker.ino.cpp.o
 .rela.init     0x0000000000001820        0x0 C:\Users\v6_20\AppData\Local\arduino\sketches\BFC91BC86210AA037ACA528224B5812B\sketch\Kodo_Winker.ino.cpp.o
 .rela.text.handle_reset
                0x0000000000001820        0x0 C:\Users\v6_20\AppData\Local\arduino\sketches\BFC91BC86210AA037ACA528224B5812B\sketch\Kodo_Winker.ino.cpp.o
 .rela.text.uart_init.part.0
                0x0000000000001820        0x0 C:\Users\v6_20\AppData\Local\arduino\sketches\BFC91BC86210AA037ACA528224B5812B\sketch\Kodo_Winker.ino.cpp.o
 .rela.text.uart_debug_init
                0x0000000000001820        0x0 C:\Users\v6_20\AppData\Local\arduino\sketches\BFC91BC86210AA037ACA528224B5812B\sketch\Kodo_Winker.ino.cpp.o
 .rela.text.uart_debug_write
                0x0000000000001820        0x0 C:\Users\v6_20\AppData\Local\arduino\sketches\BFC91BC86210AA037ACA528224B5812B\sketch\Kodo_Winker.ino.cpp.o
 .rela.text.startup.main
                0x0000000000001820        0x0 C:\Users\v6_20\AppData\Local\arduino\sketches\BFC91BC86210AA037ACA528224B5812B\sketch\Kodo_Winker.ino.cpp.o
 .rela.text.__libc_fini_array
                0x0000000000001820        0x0 C:\Users\v6_20\AppData\Local\arduino\sketches\BFC91BC86210AA037ACA528224B5812B\sketch\Kodo_Winker.ino.cpp.o
 .rela.text.__libc_init_array
                0x0000000000001820        0x0 C:\Users\v6_20\AppData\Local\arduino\sketches\BFC91BC86210AA037ACA528224B5812B\sketch\Kodo_Winker.ino.cpp.o
 .rela.text.__register_exitproc
                0x0000000000001820        0x0 C:\Users\v6_20\AppData\Local\arduino\sketches\BFC91BC86210AA037ACA528224B5812B\sketch\Kodo_Winker.ino.cpp.o
 .rela.text.startup.register_fini
                0x0000000000001820        0x0 C:\Users\v6_20\AppData\Local\arduino\sketches\BFC91BC86210AA037ACA528224B5812B\sketch\Kodo_Winker.ino.cpp.o

.fini           0x0000000000001820        0x0
 *(SORT_NONE(.fini))
                0x0000000000001820                . = ALIGN (0x4)
                [!provide]                        PROVIDE (_etext = .)
                [!provide]                        PROVIDE (_eitcm = .)

.preinit_array  0x0000000000001820        0x0
                0x0000000000001820                PROVIDE (__preinit_array_start = .)
 *(.preinit_array)
                0x0000000000001820                PROVIDE (__preinit_array_end = .)

.init_array     0x0000000000001820        0x8
                0x0000000000001820                PROVIDE (__init_array_start = .)
 *(SORT_BY_INIT_PRIORITY(.init_array.*) SORT_BY_INIT_PRIORITY(.ctors.*))
 .init_array.00000
                0x0000000000001820        0x4 c:/users/v6_20/appdata/local/arduino15/packages/wch/tools/riscv-none-embed-gcc/8.2.0/bin/../lib/gcc/riscv-none-embed/8.2.0/../../../../riscv-none-embed/lib/rv32ecxw/ilp32e\libc_nano.a(lib_a-__call_atexit.o)
 *(.init_array EXCLUDE_FILE(*crtend?.o *crtend.o *crtbegin?.o *crtbegin.o) .ctors)
 .init_array    0x0000000000001824        0x4 C:\Users\v6_20\AppData\Local\arduino\cores\0428a114ed9b0fca96df34c67940d9e1\core.a(HardwareSerial.cpp.o)
                0x0000000000001828                PROVIDE (__init_array_end = .)

.fini_array     0x0000000000001828        0x0
                0x0000000000001828                PROVIDE (__fini_array_start = .)
 *(SORT_BY_INIT_PRIORITY(.fini_array.*) SORT_BY_INIT_PRIORITY(.dtors.*))
 *(.fini_array EXCLUDE_FILE(*crtend?.o *crtend.o *crtbegin?.o *crtbegin.o) .dtors)
                0x0000000000001828                PROVIDE (__fini_array_end = .)

.ctors
 *crtbegin.o(.ctors)
 *crtbegin?.o(.ctors)
 *(EXCLUDE_FILE(*crtend?.o *crtend.o) .ctors)
 *(SORT_BY_NAME(.ctors.*))
 *(.ctors)

.dtors
 *crtbegin.o(.dtors)
 *crtbegin?.o(.dtors)
 *(EXCLUDE_FILE(*crtend?.o *crtend.o) .dtors)
 *(SORT_BY_NAME(.dtors.*))
 *(.dtors)

.dalign         0x0000000020000000        0x0 load address 0x0000000000001828
                0x0000000020000000                . = ALIGN (0x4)
                0x0000000020000000                PROVIDE (_data_vma = .)

.dlalign        0x0000000000001828        0x0
                0x0000000000001828                . = ALIGN (0x4)
                0x0000000000001828                PROVIDE (_data_lma = .)

.data           0x0000000020000000       0xa0 load address 0x0000000000001828
                0x0000000020000000                . = ALIGN (0x4)
 *(.gnu.linkonce.r.*)
 *(.data .data.*)
 .data._ZL13gpio_irq_conf
                0x0000000020000000       0x40 C:\Users\v6_20\AppData\Local\arduino\cores\0428a114ed9b0fca96df34c67940d9e1\core.a(interrupt.cpp.o)
 .data.ADCPrescTable
                0x0000000020000040       0x14 C:\Users\v6_20\AppData\Local\arduino\cores\0428a114ed9b0fca96df34c67940d9e1\core.a(ch32yyxx_rcc.c.o)
 .data.APBAHBPrescTable
                0x0000000020000054       0x10 C:\Users\v6_20\AppData\Local\arduino\cores\0428a114ed9b0fca96df34c67940d9e1\core.a(ch32yyxx_rcc.c.o)
 .data.serial_debug
                0x0000000020000064       0x30 C:\Users\v6_20\AppData\Local\arduino\cores\0428a114ed9b0fca96df34c67940d9e1\core.a(uart.c.o)
 *(.gnu.linkonce.d.*)
                0x0000000020000098                . = ALIGN (0x8)
 *fill*         0x0000000020000094        0x4 
                0x0000000020000898                PROVIDE (__global_pointer$ = (. + 0x800))
 *(.sdata .sdata.*)
 .sdata.period_step
                0x0000000020000098        0x1 C:\Users\v6_20\AppData\Local\arduino\sketches\BFC91BC86210AA037ACA528224B5812B\sketch\Kodo_Winker.ino.cpp.o
                0x0000000020000098                period_step
 .sdata.slope_step
                0x0000000020000099        0x1 C:\Users\v6_20\AppData\Local\arduino\sketches\BFC91BC86210AA037ACA528224B5812B\sketch\Kodo_Winker.ino.cpp.o
                0x0000000020000099                slope_step
 *fill*         0x000000002000009a        0x2 
 .sdata.SystemCoreClock
                0x000000002000009c        0x4 C:\Users\v6_20\AppData\Local\arduino\cores\0428a114ed9b0fca96df34c67940d9e1\core.a(system_ch32yyxx.c.o)
                0x000000002000009c                SystemCoreClock
 *(.sdata2*)
 *(.gnu.linkonce.s.*)
                0x00000000200000a0                . = ALIGN (0x8)
 *(.srodata.cst16)
 *(.srodata.cst8)
 *(.srodata.cst4)
 *(.srodata.cst2)
 *(.srodata .srodata.*)
                0x00000000200000a0                . = ALIGN (0x4)
                0x00000000200000a0                PROVIDE (_edata = .)

.bss            0x00000000200000a0      0x10c load address 0x00000000000018c8
                0x00000000200000a0                . = ALIGN (0x4)
                0x00000000200000a0                PROVIDE (_sbss = .)
 *(.sbss*)
 .sbss._ZZ15Process_ButtonsmE11last_btn_dn
                0x00000000200000a0        0x1 C:\Users\v6_20\AppData\Local\arduino\sketches\BFC91BC86210AA037ACA528224B5812B\sketch\Kodo_Winker.ino.cpp.o
 .sbss._ZZ15Process_ButtonsmE11last_btn_up
                0x00000000200000a1        0x1 C:\Users\v6_20\AppData\Local\arduino\sketches\BFC91BC86210AA037ACA528224B5812B\sketch\Kodo_Winker.ino.cpp.o
 .sbss._ZZ15Process_ButtonsmE12last_btn_sel
                0x00000000200000a2        0x1 C:\Users\v6_20\AppData\Local\arduino\sketches\BFC91BC86210AA037ACA528224B5812B\sketch\Kodo_Winker.ino.cpp.o
 *fill*         0x00000000200000a3        0x1 
 .sbss._ZZ15Process_ButtonsmE13dn_press_time
                0x00000000200000a4        0x4 C:\Users\v6_20\AppData\Local\arduino\sketches\BFC91BC86210AA037ACA528224B5812B\sketch\Kodo_Winker.ino.cpp.o
 .sbss._ZZ15Process_ButtonsmE13up_press_time
                0x00000000200000a8        0x4 C:\Users\v6_20\AppData\Local\arduino\sketches\BFC91BC86210AA037ACA528224B5812B\sketch\Kodo_Winker.ino.cpp.o
 .sbss._ZZ15Process_ButtonsmE14sel_press_time
                0x00000000200000ac        0x4 C:\Users\v6_20\AppData\Local\arduino\sketches\BFC91BC86210AA037ACA528224B5812B\sketch\Kodo_Winker.ino.cpp.o
 .sbss._ZZ15Process_ButtonsmE16long_press_saved
                0x00000000200000b0        0x1 C:\Users\v6_20\AppData\Local\arduino\sketches\BFC91BC86210AA037ACA528224B5812B\sketch\Kodo_Winker.ino.cpp.o
 *fill*         0x00000000200000b1        0x3 
 .sbss._ZZ15Process_ButtonsmE16sel_release_time
                0x00000000200000b4        0x4 C:\Users\v6_20\AppData\Local\arduino\sketches\BFC91BC86210AA037ACA528224B5812B\sketch\Kodo_Winker.ino.cpp.o
 .sbss._ZZ15Process_ButtonsmE17sel_pressed_valid
                0x00000000200000b8        0x1 C:\Users\v6_20\AppData\Local\arduino\sketches\BFC91BC86210AA037ACA528224B5812B\sketch\Kodo_Winker.ino.cpp.o
 .sbss.edit_mode
                0x00000000200000b9        0x1 C:\Users\v6_20\AppData\Local\arduino\sketches\BFC91BC86210AA037ACA528224B5812B\sketch\Kodo_Winker.ino.cpp.o
                0x00000000200000b9                edit_mode
 .sbss.fb_mode  0x00000000200000ba        0x1 C:\Users\v6_20\AppData\Local\arduino\sketches\BFC91BC86210AA037ACA528224B5812B\sketch\Kodo_Winker.ino.cpp.o
                0x00000000200000ba                fb_mode
 *fill*         0x00000000200000bb        0x1 
 .sbss.fb_start_time
                0x00000000200000bc        0x4 C:\Users\v6_20\AppData\Local\arduino\sketches\BFC91BC86210AA037ACA528224B5812B\sketch\Kodo_Winker.ino.cpp.o
                0x00000000200000bc                fb_start_time
 .sbss.start_time
                0x00000000200000c0        0x4 C:\Users\v6_20\AppData\Local\arduino\sketches\BFC91BC86210AA037ACA528224B5812B\sketch\Kodo_Winker.ino.cpp.o
                0x00000000200000c0                start_time
 *fill*         0x00000000200000c4        0x4 
 .sbss.msTick   0x00000000200000c8        0x8 C:\Users\v6_20\AppData\Local\arduino\cores\0428a114ed9b0fca96df34c67940d9e1\core.a(clock.c.o)
                0x00000000200000c8                msTick
 .sbss.uart_handlers
                0x00000000200000d0        0x4 C:\Users\v6_20\AppData\Local\arduino\cores\0428a114ed9b0fca96df34c67940d9e1\core.a(uart.c.o)
 .sbss._global_atexit
                0x00000000200000d4        0x4 c:/users/v6_20/appdata/local/arduino15/packages/wch/tools/riscv-none-embed-gcc/8.2.0/bin/../lib/gcc/riscv-none-embed/8.2.0/../../../../riscv-none-embed/lib/rv32ecxw/ilp32e\libc_nano.a(lib_a-__call_atexit.o)
                0x00000000200000d4                _global_atexit
 *(.gnu.linkonce.sb.*)
 *(.bss*)
 .bss.Serial1   0x00000000200000d8       0x48 C:\Users\v6_20\AppData\Local\arduino\cores\0428a114ed9b0fca96df34c67940d9e1\core.a(HardwareSerial.cpp.o)
                0x00000000200000d8                Serial1
 .bss._global_atexit0
                0x0000000020000120       0x8c c:/users/v6_20/appdata/local/arduino15/packages/wch/tools/riscv-none-embed-gcc/8.2.0/bin/../lib/gcc/riscv-none-embed/8.2.0/../../../../riscv-none-embed/lib/rv32ecxw/ilp32e\libc_nano.a(lib_a-__atexit.o)
 *(.gnu.linkonce.b.*)
 *(COMMON*)
                0x00000000200001ac                . = ALIGN (0x4)
                0x00000000200001ac                PROVIDE (_ebss = .)
                0x00000000200001ac                PROVIDE (_end = _ebss)
                [!provide]                        PROVIDE (end = .)

.stack          0x0000000020000640      0x1c0
                0x0000000020000640                PROVIDE (_heap_end = .)
                0x0000000020000640                . = ALIGN (0x4)
                [!provide]                        PROVIDE (_susrstack = .)
                0x0000000020000800                . = (. + __stack_size)
 *fill*         0x0000000020000640      0x1c0 
                0x0000000020000800                PROVIDE (_eusrstack = .)
OUTPUT(C:\Users\v6_20\AppData\Local\arduino\sketches\BFC91BC86210AA037ACA528224B5812B/Kodo_Winker.ino.elf elf32-littleriscv)

.comment        0x0000000000000000       0x33
 .comment       0x0000000000000000       0x33 C:\Users\v6_20\AppData\Local\arduino\sketches\BFC91BC86210AA037ACA528224B5812B\sketch\Kodo_Winker.ino.cpp.o
                                         0x34 (size before relaxing)
 .comment       0x0000000000000033       0x34 C:\Users\v6_20\AppData\Local\arduino\sketches\BFC91BC86210AA037ACA528224B5812B\core\PeripheralPins.c.o
 .comment       0x0000000000000033       0x34 C:\Users\v6_20\AppData\Local\arduino\sketches\BFC91BC86210AA037ACA528224B5812B\core\variant_CH32V003F4.cpp.o
 .comment       0x0000000000000033       0x34 C:\Users\v6_20\AppData\Local\arduino\cores\0428a114ed9b0fca96df34c67940d9e1\core.a(HardwareSerial.cpp.o)
 .comment       0x0000000000000033       0x34 C:\Users\v6_20\AppData\Local\arduino\cores\0428a114ed9b0fca96df34c67940d9e1\core.a(Stream.cpp.o)
 .comment       0x0000000000000033       0x34 C:\Users\v6_20\AppData\Local\arduino\cores\0428a114ed9b0fca96df34c67940d9e1\core.a(board.c.o)
 .comment       0x0000000000000033       0x34 C:\Users\v6_20\AppData\Local\arduino\cores\0428a114ed9b0fca96df34c67940d9e1\core.a(PortNames.c.o)
 .comment       0x0000000000000033       0x34 C:\Users\v6_20\AppData\Local\arduino\cores\0428a114ed9b0fca96df34c67940d9e1\core.a(clock.c.o)
 .comment       0x0000000000000033       0x34 C:\Users\v6_20\AppData\Local\arduino\cores\0428a114ed9b0fca96df34c67940d9e1\core.a(hw_config.c.o)
 .comment       0x0000000000000033       0x34 C:\Users\v6_20\AppData\Local\arduino\cores\0428a114ed9b0fca96df34c67940d9e1\core.a(interrupt.cpp.o)
 .comment       0x0000000000000033       0x34 C:\Users\v6_20\AppData\Local\arduino\cores\0428a114ed9b0fca96df34c67940d9e1\core.a(ch32yyxx_debug.c.o)
 .comment       0x0000000000000033       0x34 C:\Users\v6_20\AppData\Local\arduino\cores\0428a114ed9b0fca96df34c67940d9e1\core.a(ch32yyxx_exti.c.o)
 .comment       0x0000000000000033       0x34 C:\Users\v6_20\AppData\Local\arduino\cores\0428a114ed9b0fca96df34c67940d9e1\core.a(ch32yyxx_flash.c.o)
 .comment       0x0000000000000033       0x34 C:\Users\v6_20\AppData\Local\arduino\cores\0428a114ed9b0fca96df34c67940d9e1\core.a(ch32yyxx_gpio.c.o)
 .comment       0x0000000000000033       0x34 C:\Users\v6_20\AppData\Local\arduino\cores\0428a114ed9b0fca96df34c67940d9e1\core.a(ch32yyxx_it.c.o)
 .comment       0x0000000000000033       0x34 C:\Users\v6_20\AppData\Local\arduino\cores\0428a114ed9b0fca96df34c67940d9e1\core.a(ch32yyxx_rcc.c.o)
 .comment       0x0000000000000033       0x34 C:\Users\v6_20\AppData\Local\arduino\cores\0428a114ed9b0fca96df34c67940d9e1\core.a(ch32yyxx_usart.c.o)
 .comment       0x0000000000000033       0x34 C:\Users\v6_20\AppData\Local\arduino\cores\0428a114ed9b0fca96df34c67940d9e1\core.a(system_ch32yyxx.c.o)
 .comment       0x0000000000000033       0x34 C:\Users\v6_20\AppData\Local\arduino\cores\0428a114ed9b0fca96df34c67940d9e1\core.a(pinmap.c.o)
 .comment       0x0000000000000033       0x34 C:\Users\v6_20\AppData\Local\arduino\cores\0428a114ed9b0fca96df34c67940d9e1\core.a(uart.c.o)
 .comment       0x0000000000000033       0x34 C:\Users\v6_20\AppData\Local\arduino\cores\0428a114ed9b0fca96df34c67940d9e1\core.a(main.cpp.o)
 .comment       0x0000000000000033       0x34 C:\Users\v6_20\AppData\Local\arduino\cores\0428a114ed9b0fca96df34c67940d9e1\core.a(wiring_time.c.o)

.debug_frame    0x0000000000000000       0xf8
 .debug_frame   0x0000000000000000       0x20 c:/users/v6_20/appdata/local/arduino15/packages/wch/tools/riscv-none-embed-gcc/8.2.0/bin/../lib/gcc/riscv-none-embed/8.2.0/../../../../riscv-none-embed/lib/rv32ecxw/ilp32e\libc_nano.a(lib_a-atexit.o)
 .debug_frame   0x0000000000000020       0x38 c:/users/v6_20/appdata/local/arduino15/packages/wch/tools/riscv-none-embed-gcc/8.2.0/bin/../lib/gcc/riscv-none-embed/8.2.0/../../../../riscv-none-embed/lib/rv32ecxw/ilp32e\libc_nano.a(lib_a-fini.o)
 .debug_frame   0x0000000000000058       0x38 c:/users/v6_20/appdata/local/arduino15/packages/wch/tools/riscv-none-embed-gcc/8.2.0/bin/../lib/gcc/riscv-none-embed/8.2.0/../../../../riscv-none-embed/lib/rv32ecxw/ilp32e\libc_nano.a(lib_a-init.o)
 .debug_frame   0x0000000000000090       0x20 c:/users/v6_20/appdata/local/arduino15/packages/wch/tools/riscv-none-embed-gcc/8.2.0/bin/../lib/gcc/riscv-none-embed/8.2.0/../../../../riscv-none-embed/lib/rv32ecxw/ilp32e\libc_nano.a(lib_a-__atexit.o)
 .debug_frame   0x00000000000000b0       0x48 c:/users/v6_20/appdata/local/arduino15/packages/wch/tools/riscv-none-embed-gcc/8.2.0/bin/../lib/gcc/riscv-none-embed/8.2.0/../../../../riscv-none-embed/lib/rv32ecxw/ilp32e\libc_nano.a(lib_a-__call_atexit.o)

.stabstr        0x0000000000000000       0xa9
 .stabstr       0x0000000000000000       0xa9 c:/users/v6_20/appdata/local/arduino15/packages/wch/tools/riscv-none-embed-gcc/8.2.0/bin/../lib/gcc/riscv-none-embed/8.2.0/../../../../riscv-none-embed/lib/rv32ecxw/ilp32e\libnosys.a(close.o)
